Archive member included because of file (symbol)

libbb/lib.a(appletlib.o)      /mnt/RTK/lost+found/rtl819x-SDK-v3.4.11C-full-package/rtl819x/toolchain/msdk-4.4.7-mips-EL-3.10-u0.9.33-m32t-140827/bin/../lib/gcc/mips-linux-uclibc/4.4.7/../../../../mips-linux-uclibc/lib/crt1.o (main)
libbb/lib.a(bb_basename.o)    libbb/lib.a(appletlib.o) (bb_basename)
libbb/lib.a(default_error_retval.o)
                              libbb/lib.a(appletlib.o) (xfunc_error_retval)
libbb/lib.a(full_write.o)     libbb/lib.a(appletlib.o) (full_write)
libbb/lib.a(get_last_path_component.o)
                              libbb/lib.a(appletlib.o) (bb_get_last_path_component_nostrip)
libbb/lib.a(last_char_is.o)   libbb/lib.a(get_last_path_component.o) (last_char_is)
libbb/lib.a(messages.o)       libbb/lib.a(appletlib.o) (bb_banner)
libbb/lib.a(ptr_to_globals.o)
                              libbb/lib.a(appletlib.o) (bb_errno)
libbb/lib.a(safe_write.o)     libbb/lib.a(full_write.o) (safe_write)
libbb/lib.a(xfunc_die.o)      libbb/lib.a(appletlib.o) (xfunc_die)
modutils/lib.a(depmod.o)      libbb/lib.a(appletlib.o) (depmod_main)
modutils/lib.a(insmod.o)      libbb/lib.a(appletlib.o) (insmod_main)
modutils/lib.a(lsmod.o)       libbb/lib.a(appletlib.o) (lsmod_main)
modutils/lib.a(modprobe.o)    libbb/lib.a(appletlib.o) (modprobe_main)
modutils/lib.a(modutils.o)    modutils/lib.a(modprobe.o) (bb_delete_module)
modutils/lib.a(rmmod.o)       libbb/lib.a(appletlib.o) (rmmod_main)
networking/lib.a(hostname.o)  libbb/lib.a(appletlib.o) (hostname_main)
networking/lib.a(ifconfig.o)  libbb/lib.a(appletlib.o) (ifconfig_main)
networking/lib.a(interface.o)
                              networking/lib.a(ifconfig.o) (display_interfaces)
networking/lib.a(ip.o)        libbb/lib.a(appletlib.o) (ip_main)
networking/lib.a(ping.o)      libbb/lib.a(appletlib.o) (ping_main)
networking/lib.a(route.o)     libbb/lib.a(appletlib.o) (route_main)
networking/lib.a(vconfig.o)   libbb/lib.a(appletlib.o) (vconfig_main)
networking/libiproute/lib.a(ip_parse_common_args.o)
                              networking/lib.a(ip.o) (ip_parse_common_args)
networking/libiproute/lib.a(iptunnel.o)
                              networking/lib.a(ip.o) (do_iptunnel)
networking/libiproute/lib.a(rt_names.o)
                              networking/libiproute/lib.a(iptunnel.o) (rtnl_dsfield_a2n)
networking/libiproute/lib.a(utils.o)
                              networking/libiproute/lib.a(iptunnel.o) (format_host)
procps/lib.a(free.o)          libbb/lib.a(appletlib.o) (free_main)
procps/lib.a(kill.o)          libbb/lib.a(appletlib.o) (kill_main)
procps/lib.a(ps.o)            libbb/lib.a(appletlib.o) (ps_main)
procps/lib.a(renice.o)        libbb/lib.a(appletlib.o) (renice_main)
procps/lib.a(top.o)           libbb/lib.a(appletlib.o) (top_main)
procps/lib.a(uptime.o)        libbb/lib.a(appletlib.o) (uptime_main)
shell/lib.a(ash.o)            libbb/lib.a(appletlib.o) (ash_main)
shell/lib.a(ash_ptr_hack.o)   shell/lib.a(ash.o) (ash_ptr_to_globals_misc)
sysklogd/lib.a(klogd.o)       libbb/lib.a(appletlib.o) (klogd_main)
sysklogd/lib.a(syslogd_and_logger.o)
                              libbb/lib.a(appletlib.o) (syslogd_main)
util-linux/lib.a(mount.o)     libbb/lib.a(appletlib.o) (mount_main)
util-linux/lib.a(umount.o)    libbb/lib.a(appletlib.o) (umount_main)
archival/lib.a(bbunzip.o)     libbb/lib.a(appletlib.o) (bunzip2_main)
archival/libunarchive/lib.a(decompress_bunzip2.o)
                              archival/lib.a(bbunzip.o) (unpack_bz2_stream_prime)
coreutils/lib.a(cat.o)        libbb/lib.a(appletlib.o) (cat_main)
coreutils/lib.a(cp.o)         libbb/lib.a(appletlib.o) (cp_main)
coreutils/lib.a(cut.o)        libbb/lib.a(appletlib.o) (cut_main)
coreutils/lib.a(date.o)       libbb/lib.a(appletlib.o) (date_main)
coreutils/lib.a(echo.o)       libbb/lib.a(appletlib.o) (echo_main)
coreutils/lib.a(expr.o)       libbb/lib.a(appletlib.o) (expr_main)
coreutils/lib.a(false.o)      libbb/lib.a(appletlib.o) (false_main)
coreutils/lib.a(head.o)       libbb/lib.a(appletlib.o) (head_main)
coreutils/lib.a(ln.o)         libbb/lib.a(appletlib.o) (ln_main)
coreutils/lib.a(ls.o)         libbb/lib.a(appletlib.o) (ls_main)
coreutils/lib.a(mkdir.o)      libbb/lib.a(appletlib.o) (mkdir_main)
coreutils/lib.a(printf.o)     shell/lib.a(ash.o) (printf_main)
coreutils/lib.a(rm.o)         libbb/lib.a(appletlib.o) (rm_main)
coreutils/lib.a(sleep.o)      libbb/lib.a(appletlib.o) (sleep_main)
coreutils/lib.a(tail.o)       libbb/lib.a(appletlib.o) (tail_main)
coreutils/lib.a(test.o)       shell/lib.a(ash.o) (test_main)
coreutils/lib.a(test_ptr_hack.o)
                              coreutils/lib.a(test.o) (test_ptr_to_statics)
coreutils/lib.a(true.o)       libbb/lib.a(appletlib.o) (true_main)
coreutils/lib.a(wc.o)         libbb/lib.a(appletlib.o) (wc_main)
coreutils/libcoreutils/lib.a(cp_mv_stat.o)
                              coreutils/lib.a(cp.o) (cp_mv_stat2)
[...]
Memory Configuration

Name             Origin             Length             Attributes
*default*        0x0000000000000000 0xffffffffffffffff

Linker script and memory map

LOAD /mnt/RTK/lost+found/rtl819x-SDK-v3.4.11C-full-package/rtl819x/toolchain/msdk-4.4.7-mips-EL-3.10-u0.9.33-m32t-140827/bin/../lib/gcc/mips-linux-uclibc/4.4.7/../../../../mips-linux-uclibc/lib/crt1.o
LOAD /mnt/RTK/lost+found/rtl819x-SDK-v3.4.11C-full-package/rtl819x/toolchain/msdk-4.4.7-mips-EL-3.10-u0.9.33-m32t-140827/bin/../lib/gcc/mips-linux-uclibc/4.4.7/../../../../mips-linux-uclibc/lib/crti.o
LOAD /mnt/RTK/lost+found/rtl819x-SDK-v3.4.11C-full-package/rtl819x/toolchain/msdk-4.4.7-mips-EL-3.10-u0.9.33-m32t-140827/bin/../lib/gcc/mips-linux-uclibc/4.4.7/soft-float/el/crtbegin.o
START GROUP
LOAD applets/built-in.o
LOAD archival/lib.a
LOAD archival/libunarchive/lib.a
LOAD console-tools/lib.a
LOAD coreutils/lib.a
LOAD coreutils/libcoreutils/lib.a
LOAD debianutils/lib.a
LOAD e2fsprogs/lib.a
LOAD editors/lib.a
LOAD findutils/lib.a
LOAD init/lib.a
LOAD libbb/lib.a
LOAD libpwdgrp/lib.a
LOAD loginutils/lib.a
LOAD mailutils/lib.a
LOAD miscutils/lib.a
LOAD modutils/lib.a
LOAD networking/lib.a
LOAD networking/libiproute/lib.a
LOAD networking/udhcp/lib.a
LOAD printutils/lib.a
LOAD procps/lib.a
LOAD runit/lib.a
LOAD selinux/lib.a
LOAD shell/lib.a
LOAD sysklogd/lib.a
LOAD util-linux/lib.a
LOAD util-linux/volume_id/lib.a
LOAD archival/built-in.o
LOAD archival/libunarchive/built-in.o
LOAD console-tools/built-in.o
LOAD coreutils/built-in.o
LOAD coreutils/libcoreutils/built-in.o
LOAD debianutils/built-in.o
LOAD e2fsprogs/built-in.o
LOAD editors/built-in.o
LOAD findutils/built-in.o
LOAD init/built-in.o
LOAD libbb/built-in.o
LOAD libpwdgrp/built-in.o
LOAD loginutils/built-in.o
LOAD mailutils/built-in.o
LOAD miscutils/built-in.o
LOAD modutils/built-in.o
LOAD networking/built-in.o
LOAD networking/libiproute/built-in.o
LOAD networking/udhcp/built-in.o
LOAD printutils/built-in.o
LOAD procps/built-in.o
LOAD runit/built-in.o
LOAD selinux/built-in.o
LOAD shell/built-in.o
LOAD sysklogd/built-in.o
LOAD util-linux/built-in.o
LOAD util-linux/volume_id/built-in.o
END GROUP
LOAD /mnt/RTK/lost+found/rtl819x-SDK-v3.4.11C-full-package/rtl819x/toolchain/msdk-4.4.7-mips-EL-3.10-u0.9.33-m32t-140827/bin/../lib/gcc/mips-linux-uclibc/4.4.7/soft-float/el/libgcc.a
LOAD /mnt/RTK/lost+found/rtl819x-SDK-v3.4.11C-full-package/rtl819x/toolchain/msdk-4.4.7-mips-EL-3.10-u0.9.33-m32t-140827/bin/../lib/gcc/mips-linux-uclibc/4.4.7/soft-float/el/libgcc_eh.a
LOAD /mnt/RTK/lost+found/rtl819x-SDK-v3.4.11C-full-package/rtl819x/toolchain/msdk-4.4.7-mips-EL-3.10-u0.9.33-m32t-140827/bin/../lib/gcc/mips-linux-uclibc/4.4.7/../../../../mips-linux-uclibc/lib/libc.so
START GROUP
LOAD /mnt/RTK/lost+found/rtl819x-SDK-v3.4.11C-full-package/rtl819x/toolchain/msdk-4.4.7-mips-EL-3.10-u0.9.33-m32t-140827/bin/../lib/gcc/mips-linux-uclibc/4.4.7/../../../../mips-linux-uclibc/lib/libc.so.0
LOAD /mnt/RTK/lost+found/rtl819x-SDK-v3.4.11C-full-package/rtl819x/toolchain/msdk-4.4.7-mips-EL-3.10-u0.9.33-m32t-140827/bin/../lib/gcc/mips-linux-uclibc/4.4.7/../../../../mips-linux-uclibc/lib/uclibc_nonshared.a
LOAD /mnt/RTK/lost+found/rtl819x-SDK-v3.4.11C-full-package/rtl819x/toolchain/msdk-4.4.7-mips-EL-3.10-u0.9.33-m32t-140827/bin/../lib/gcc/mips-linux-uclibc/4.4.7/../../../../mips-linux-uclibc/lib/ld-uClibc.so.0
END GROUP
START GROUP
LOAD /mnt/RTK/lost+found/rtl819x-SDK-v3.4.11C-full-package/rtl819x/toolchain/msdk-4.4.7-mips-EL-3.10-u0.9.33-m32t-140827/bin/../lib/gcc/mips-linux-uclibc/4.4.7/../../../../mips-linux-uclibc/lib/libubacktrace.so.0
END GROUP
LOAD /mnt/RTK/lost+found/rtl819x-SDK-v3.4.11C-full-package/rtl819x/toolchain/msdk-4.4.7-mips-EL-3.10-u0.9.33-m32t-140827/bin/../lib/gcc/mips-linux-uclibc/4.4.7/soft-float/el/libgcc.a
LOAD /mnt/RTK/lost+found/rtl819x-SDK-v3.4.11C-full-package/rtl819x/toolchain/msdk-4.4.7-mips-EL-3.10-u0.9.33-m32t-140827/bin/../lib/gcc/mips-linux-uclibc/4.4.7/soft-float/el/libgcc_eh.a
LOAD /mnt/RTK/lost+found/rtl819x-SDK-v3.4.11C-full-package/rtl819x/toolchain/msdk-4.4.7-mips-EL-3.10-u0.9.33-m32t-140827/bin/../lib/gcc/mips-linux-uclibc/4.4.7/soft-float/el/crtend.o
LOAD /mnt/RTK/lost+found/rtl819x-SDK-v3.4.11C-full-package/rtl819x/toolchain/msdk-4.4.7-mips-EL-3.10-u0.9.33-m32t-140827/bin/../lib/gcc/mips-linux-uclibc/4.4.7/../../../../mips-linux-uclibc/lib/crtn.o
                0x0000000000400000                PROVIDE (__executable_start, 0x400000)
                0x0000000000400134                . = (0x400000 + SIZEOF_HEADERS)

.interp         0x0000000000400134       0x14
 *(SORT(.interp))
 .interp        0x0000000000400134       0x14 /mnt/RTK/lost+found/rtl819x-SDK-v3.4.11C-full-package/rtl819x/toolchain/msdk-4.4.7-mips-EL-3.10-u0.9.33-m32t-140827/bin/../lib/gcc/mips-linux-uclibc/4.4.7/../../../../mips-linux-uclibc/lib/crt1.o

.reginfo
 *(SORT(.reginfo))

.note.gnu.build-id
 *(SORT(.note.gnu.build-id))

.dynamic        0x0000000000400148       0xf8
 *(SORT(.dynamic))
 .dynamic       0x0000000000400148       0xf8 /mnt/RTK/lost+found/rtl819x-SDK-v3.4.11C-full-package/rtl819x/toolchain/msdk-4.4.7-mips-EL-3.10-u0.9.33-m32t-140827/bin/../lib/gcc/mips-linux-uclibc/4.4.7/../../../../mips-linux-uclibc/lib/crt1.o
                0x0000000000400148                _DYNAMIC

.hash           0x0000000000400240      0x6b0
 *(SORT(.hash))
 .hash          0x0000000000400240      0x6b0 /mnt/RTK/lost+found/rtl819x-SDK-v3.4.11C-full-package/rtl819x/toolchain/msdk-4.4.7-mips-EL-3.10-u0.9.33-m32t-140827/bin/../lib/gcc/mips-linux-uclibc/4.4.7/../../../../mips-linux-uclibc/lib/crt1.o

.gnu.hash
 *(SORT(.gnu.hash))

.dynsym         0x00000000004008f0      0xe50
 *(SORT(.dynsym))
 .dynsym        0x00000000004008f0      0xe50 /mnt/RTK/lost+found/rtl819x-SDK-v3.4.11C-full-package/rtl819x/toolchain/msdk-4.4.7-mips-EL-3.10-u0.9.33-m32t-140827/bin/../lib/gcc/mips-linux-uclibc/4.4.7/../../../../mips-linux-uclibc/lib/crt1.o

.dynstr         0x0000000000401740      0x6a7
 *(SORT(.dynstr))
 .dynstr        0x0000000000401740      0x6a7 /mnt/RTK/lost+found/rtl819x-SDK-v3.4.11C-full-package/rtl819x/toolchain/msdk-4.4.7-mips-EL-3.10-u0.9.33-m32t-140827/bin/../lib/gcc/mips-linux-uclibc/4.4.7/../../../../mips-linux-uclibc/lib/crt1.o

.gnu.version    0x0000000000401de8        0x0
 *(SORT(.gnu.version))
 .gnu.version   0x0000000000000000        0x0 /mnt/RTK/lost+found/rtl819x-SDK-v3.4.11C-full-package/rtl819x/toolchain/msdk-4.4.7-mips-EL-3.10-u0.9.33-m32t-140827/bin/../lib/gcc/mips-linux-uclibc/4.4.7/../../../../mips-linux-uclibc/lib/crt1.o

.gnu.version_d  0x0000000000401de8        0x0
 *(SORT(.gnu.version_d))
 .gnu.version_d
                0x0000000000000000        0x0 /mnt/RTK/lost+found/rtl819x-SDK-v3.4.11C-full-package/rtl819x/toolchain/msdk-4.4.7-mips-EL-3.10-u0.9.33-m32t-140827/bin/../lib/gcc/mips-linux-uclibc/4.4.7/../../../../mips-linux-uclibc/lib/crt1.o

.gnu.version_r  0x0000000000401de8        0x0
 *(SORT(.gnu.version_r))
 .gnu.version_r
                0x0000000000000000        0x0 /mnt/RTK/lost+found/rtl819x-SDK-v3.4.11C-full-package/rtl819x/toolchain/msdk-4.4.7-mips-EL-3.10-u0.9.33-m32t-140827/bin/../lib/gcc/mips-linux-uclibc/4.4.7/../../../../mips-linux-uclibc/lib/crt1.o

.rel.dyn        0x0000000000401de8       0x48
 *(SORT(.rel.init))
 *(SORT(.rel.text) SORT(.rel.text.*) SORT(.rel.gnu.linkonce.t.*))
 *(SORT(.rel.fini))
 *(SORT(.rel.rodata) SORT(.rel.rodata.*) SORT(.rel.gnu.linkonce.r.*))
 *(SORT(.rel.data.rel.ro) SORT(.rel.data.rel.ro.*) SORT(.rel.gnu.linkonce.d.rel.ro.*))
 *(SORT(.rel.data) SORT(.rel.data.*) SORT(.rel.gnu.linkonce.d.*))
 *(SORT(.rel.tdata) SORT(.rel.tdata.*) SORT(.rel.gnu.linkonce.td.*))
 *(SORT(.rel.tbss) SORT(.rel.tbss.*) SORT(.rel.gnu.linkonce.tb.*))
 *(SORT(.rel.ctors))
 *(SORT(.rel.dtors))
 *(SORT(.rel.got))
 *(SORT(.rel.dyn))
 .rel.dyn       0x0000000000401de8       0x48 /mnt/RTK/lost+found/rtl819x-SDK-v3.4.11C-full-package/rtl819x/toolchain/msdk-4.4.7-mips-EL-3.10-u0.9.33-m32t-140827/bin/../lib/gcc/mips-linux-uclibc/4.4.7/../../../../mips-linux-uclibc/lib/crt1.o
 *(SORT(.rel.sdata) SORT(.rel.sdata.*) SORT(.rel.gnu.linkonce.s.*))
 *(SORT(.rel.sbss) SORT(.rel.sbss.*) SORT(.rel.gnu.linkonce.sb.*))
 *(SORT(.rel.sdata2) SORT(.rel.sdata2.*) SORT(.rel.gnu.linkonce.s2.*))
 *(SORT(.rel.sbss2) SORT(.rel.sbss2.*) SORT(.rel.gnu.linkonce.sb2.*))
 *(SORT(.rel.bss) SORT(.rel.bss.*) SORT(.rel.gnu.linkonce.b.*))
 .rel.bss       0x0000000000000000        0x0 /mnt/RTK/lost+found/rtl819x-SDK-v3.4.11C-full-package/rtl819x/toolchain/msdk-4.4.7-mips-EL-3.10-u0.9.33-m32t-140827/bin/../lib/gcc/mips-linux-uclibc/4.4.7/../../../../mips-linux-uclibc/lib/crt1.o
                0x0000000000401e30                PROVIDE (__rel_iplt_start, .)
 *(SORT(.rel.iplt))
                0x0000000000401e30                PROVIDE (__rel_iplt_end, .)
                0x0000000000401e30                PROVIDE (__rela_iplt_start, .)
                0x0000000000401e30                PROVIDE (__rela_iplt_end, .)

.rela.dyn       0x0000000000401e30        0x0
 *(SORT(.rela.init))
 *(SORT(.rela.text) SORT(.rela.text.*) SORT(.rela.gnu.linkonce.t.*))
 *(SORT(.rela.fini))
 *(SORT(.rela.rodata) SORT(.rela.rodata.*) SORT(.rela.gnu.linkonce.r.*))
 *(SORT(.rela.data) SORT(.rela.data.*) SORT(.rela.gnu.linkonce.d.*))
 *(SORT(.rela.tdata) SORT(.rela.tdata.*) SORT(.rela.gnu.linkonce.td.*))
 *(SORT(.rela.tbss) SORT(.rela.tbss.*) SORT(.rela.gnu.linkonce.tb.*))
 *(SORT(.rela.ctors))
 *(SORT(.rela.dtors))
 *(SORT(.rela.got))
 *(SORT(.rela.sdata) SORT(.rela.sdata.*) SORT(.rela.gnu.linkonce.s.*))
 *(SORT(.rela.sbss) SORT(.rela.sbss.*) SORT(.rela.gnu.linkonce.sb.*))
 *(SORT(.rela.sdata2) SORT(.rela.sdata2.*) SORT(.rela.gnu.linkonce.s2.*))
 *(SORT(.rela.sbss2) SORT(.rela.sbss2.*) SORT(.rela.gnu.linkonce.sb2.*))
 *(SORT(.rela.bss) SORT(.rela.bss.*) SORT(.rela.gnu.linkonce.b.*))
                0x0000000000401e30                PROVIDE (__rel_iplt_start, .)
                0x0000000000401e30                PROVIDE (__rel_iplt_end, .)
                0x0000000000401e30                PROVIDE (__rela_iplt_start, .)
 *(SORT(.rela.iplt))
                0x0000000000401e30                PROVIDE (__rela_iplt_end, .)

.rel.plt        0x0000000000401e30      0x670
 *(SORT(.rel.plt))
 .rel.plt       0x0000000000401e30      0x670 /mnt/RTK/lost+found/rtl819x-SDK-v3.4.11C-full-package/rtl819x/toolchain/msdk-4.4.7-mips-EL-3.10-u0.9.33-m32t-140827/bin/../lib/gcc/mips-linux-uclibc/4.4.7/../../../../mips-linux-uclibc/lib/crt1.o

.rela.plt
 *(SORT(.rela.plt))

.init           0x00000000004024a0       0x48
 *(SORT(.init))
 .init          0x00000000004024a0       0x1c /mnt/RTK/lost+found/rtl819x-SDK-v3.4.11C-full-package/rtl819x/toolchain/msdk-4.4.7-mips-EL-3.10-u0.9.33-m32t-140827/bin/../lib/gcc/mips-linux-uclibc/4.4.7/../../../../mips-linux-uclibc/lib/crti.o
                0x00000000004024a0                _init
 .init          0x00000000004024bc       0x10 /mnt/RTK/lost+found/rtl819x-SDK-v3.4.11C-full-package/rtl819x/toolchain/msdk-4.4.7-mips-EL-3.10-u0.9.33-m32t-140827/bin/../lib/gcc/mips-linux-uclibc/4.4.7/soft-float/el/crtbegin.o
 .init          0x00000000004024cc       0x10 /mnt/RTK/lost+found/rtl819x-SDK-v3.4.11C-full-package/rtl819x/toolchain/msdk-4.4.7-mips-EL-3.10-u0.9.33-m32t-140827/bin/../lib/gcc/mips-linux-uclibc/4.4.7/soft-float/el/crtend.o
 .init          0x00000000004024dc        0xc /mnt/RTK/lost+found/rtl819x-SDK-v3.4.11C-full-package/rtl819x/toolchain/msdk-4.4.7-mips-EL-3.10-u0.9.33-m32t-140827/bin/../lib/gcc/mips-linux-uclibc/4.4.7/../../../../mips-linux-uclibc/lib/crtn.o

.plt            0x0000000000402500      0xd00
 *(SORT(.plt))
 *fill*         0x0000000000402500        0x0 
 .plt           0x0000000000402500      0xd00 /mnt/RTK/lost+found/rtl819x-SDK-v3.4.11C-full-package/rtl819x/toolchain/msdk-4.4.7-mips-EL-3.10-u0.9.33-m32t-140827/bin/../lib/gcc/mips-linux-uclibc/4.4.7/../../../../mips-linux-uclibc/lib/crt1.o
                0x0000000000402500                _PROCEDURE_LINKAGE_TABLE_
                0x0000000000402520                longjmp
                0x0000000000402530                strcpy
                0x0000000000402540                unsetenv
                0x0000000000402550                waitpid
                0x0000000000402560                getrlimit
                0x0000000000402570                pause
                0x0000000000402580                ioctl
                0x0000000000402590                getgid
                0x00000000004025a0                sysconf
                0x00000000004025b0                printf
                0x00000000004025c0                utime
                0x00000000004025d0                sigemptyset
                0x00000000004025e0                shmctl
                0x00000000004025f0                strerror
                0x0000000000402600                geteuid
                0x0000000000402610                inet_pton
                0x0000000000402620                memmove
                0x0000000000402630                snprintf
                0x0000000000402640                mknod
                0x0000000000402650                getgrgid
                0x0000000000402660                times
                0x0000000000402670                getenv
                0x0000000000402680                getegid
                0x0000000000402690                setpriority
                0x00000000004026a0                getpriority
                0x00000000004026b0                bsearch
                0x00000000004026c0                usleep
                0x00000000004026d0                execve
                0x00000000004026e0                semget
                0x00000000004026f0                getpagesize
                0x0000000000402700                getpid
                0x0000000000402710                qsort
                0x0000000000402720                fscanf
                0x0000000000402730                fgets
                0x0000000000402740                shmat
                0x0000000000402750                memcpy
                0x0000000000402760                readlink
                0x0000000000402770                puts
                0x0000000000402780                dup2
                0x0000000000402790                getuid
                0x00000000004027a0                semctl
                0x00000000004027b0                feof
                0x00000000004027c0                malloc
                0x00000000004027d0                isatty
                0x00000000004027e0                sleep
                0x00000000004027f0                sysinfo
                0x0000000000402800                vsnprintf
                0x0000000000402810                recvfrom
                0x0000000000402820                strtoul
                0x0000000000402830                gethostbyaddr
                0x0000000000402840                rmdir
                0x0000000000402850                socket
                0x0000000000402860                init_module
                0x0000000000402870                readdir
                0x0000000000402880                lchown
                0x0000000000402890                delete_module
                0x00000000004028a0                isspace
                0x00000000004028b0                fflush
                0x00000000004028c0                ftruncate
                0x00000000004028d0                realpath
                0x00000000004028e0                putenv
                0x00000000004028f0                lseek
                0x0000000000402900                sigaddset
                0x0000000000402910                chown
                0x0000000000402920                strncasecmp
                0x0000000000402930                setpgid
                0x0000000000402940                freeaddrinfo
                0x0000000000402950                __fgetc_unlocked
                0x0000000000402960                chmod
                0x0000000000402970                getnameinfo
                0x0000000000402980                isxdigit
                0x0000000000402990                alarm
                0x00000000004029a0                strtol
                0x00000000004029b0                pipe
                0x00000000004029c0                getpgrp
                0x00000000004029d0                uname
                0x00000000004029e0                rename
                0x00000000004029f0                strrchr
                0x0000000000402a00                setrlimit
                0x0000000000402a10                strtod
                0x0000000000402a20                write
                0x0000000000402a30                fstat
                0x0000000000402a40                fprintf
                0x0000000000402a50                kill
                0x0000000000402a60                ctime
                0x0000000000402a70                strcat
                0x0000000000402a80                bind
                0x0000000000402a90                getmntent_r
                0x0000000000402aa0                vprintf
                0x0000000000402ab0                umount2
                0x0000000000402ac0                if_nametoindex
                0x0000000000402ad0                reboot
                0x0000000000402ae0                chdir
                0x0000000000402af0                shmdt
                0x0000000000402b00                setsockopt
                0x0000000000402b10                shmget
                0x0000000000402b20                wait
                0x0000000000402b30                umask
                0x0000000000402b40                dprintf
                0x0000000000402b50                mktime
                0x0000000000402b60                lstat
                0x0000000000402b70                ferror
                0x0000000000402b80                strstr
                0x0000000000402b90                signal
                0x0000000000402ba0                read
                0x0000000000402bb0                openlog
                0x0000000000402bc0                closelog
                0x0000000000402bd0                strncmp
                0x0000000000402be0                sethostname
                0x0000000000402bf0                strncpy
                0x0000000000402c00                unlink
                0x0000000000402c10                setenv
                0x0000000000402c20                sync
                0x0000000000402c30                strcasecmp
                0x0000000000402c40                sendto
                0x0000000000402c50                realloc
                0x0000000000402c60                strtok
                0x0000000000402c70                sigfillset
                0x0000000000402c80                memcmp
                0x0000000000402c90                fork
                0x0000000000402ca0                sscanf
                0x0000000000402cb0                setmntent
                0x0000000000402cc0                isalpha
                0x0000000000402cd0                sigaction
                0x0000000000402ce0                endmntent
                0x0000000000402cf0                killpg
                0x0000000000402d00                strdup
                0x0000000000402d10                inet_aton
                0x0000000000402d20                regcomp
                0x0000000000402d30                symlink
                0x0000000000402d40                gettimeofday
                0x0000000000402d50                fopen
                0x0000000000402d60                getopt
                0x0000000000402d70                localtime
                0x0000000000402d80                memset
                0x0000000000402d90                fnmatch
                0x0000000000402da0                clearerr
                0x0000000000402db0                fclose
                0x0000000000402dc0                inet_ntoa
                0x0000000000402dd0                getppid
                0x0000000000402de0                tcgetattr
                0x0000000000402df0                regexec
                0x0000000000402e00                time
                0x0000000000402e10                opendir
                0x0000000000402e20                getgroups
                0x0000000000402e30                poll
                0x0000000000402e40                syslog
                0x0000000000402e50                isalnum
                0x0000000000402e60                mount
                0x0000000000402e70                strcmp
                0x0000000000402e80                getpwuid
                0x0000000000402e90                __h_errno_location
                0x0000000000402ea0                dup
                0x0000000000402eb0                getcwd
                0x0000000000402ec0                gethostbyname
                0x0000000000402ed0                strsignal
                0x0000000000402ee0                getpwnam
                0x0000000000402ef0                fgetc
                0x0000000000402f00                sprintf
                0x0000000000402f10                strcspn
                0x0000000000402f20                regerror
                0x0000000000402f30                umount
                0x0000000000402f40                vfork
                0x0000000000402f50                strsep
                0x0000000000402f60                fputc
                0x0000000000402f70                hstrerror
                0x0000000000402f80                getaddrinfo
                0x0000000000402f90                strftime
                0x0000000000402fa0                stat
                0x0000000000402fb0                access
                0x0000000000402fc0                strptime
                0x0000000000402fd0                freopen
                0x0000000000402fe0                tcgetpgrp
                0x0000000000402ff0                __errno_location
                0x0000000000403000                link
                0x0000000000403010                semop
                0x0000000000403020                exit
                0x0000000000403030                stime
                0x0000000000403040                klogctl
                0x0000000000403050                inet_ntop
                0x0000000000403060                atoi
                0x0000000000403070                _setjmp
                0x0000000000403080                _exit
                0x0000000000403090                strspn
                0x00000000004030a0                strlen
                0x00000000004030b0                open
                0x00000000004030c0                div
                0x00000000004030d0                strchr
                0x00000000004030e0                fputs
                0x00000000004030f0                execvp
                0x0000000000403100                setsid
                0x0000000000403110                closedir
                0x0000000000403120                vasprintf
                0x0000000000403130                strchrnul
                0x0000000000403140                fcntl
                0x0000000000403150                setuid
                0x0000000000403160                tcsetattr
                0x0000000000403170                mkdir
                0x0000000000403180                close
                0x0000000000403190                vfprintf
                0x00000000004031a0                strpbrk
                0x00000000004031b0                tcsetpgrp
                0x00000000004031c0                raise
                0x00000000004031d0                free
                0x00000000004031e0                sigprocmask
                0x00000000004031f0                __fputc_unlocked

.iplt
 *(SORT(.iplt))

.text           0x0000000000403200    0x286e8
                0x0000000000403200                _ftext = .
 *(SORT(.text.unlikely) SORT(.text.*_unlikely))
 *(SORT(.text.exit) SORT(.text.exit.*))
 *(SORT(.text.startup) SORT(.text.startup.*))
 *(SORT(.text.hot) SORT(.text.hot.*))
 *(SORT(.text) SORT(.stub) SORT(.text.*) SORT(.gnu.linkonce.t.*))
 .text          0x0000000000403200       0x60 /mnt/RTK/lost+found/rtl819x-SDK-v3.4.11C-full-package/rtl819x/toolchain/msdk-4.4.7-mips-EL-3.10-u0.9.33-m32t-140827/bin/../lib/gcc/mips-linux-uclibc/4.4.7/../../../../mips-linux-uclibc/lib/crt1.o
                0x0000000000403200                __start
 .text          0x0000000000403260      0x110 /mnt/RTK/lost+found/rtl819x-SDK-v3.4.11C-full-package/rtl819x/toolchain/msdk-4.4.7-mips-EL-3.10-u0.9.33-m32t-140827/bin/../lib/gcc/mips-linux-uclibc/4.4.7/soft-float/el/crtbegin.o
 .text.stub.1   0x0000000000403370       0x10 linker stubs
                0x0000000000403378                .pic.__bswapsi2
 .text          0x0000000000403380       0x30 /mnt/RTK/lost+found/rtl819x-SDK-v3.4.11C-full-package/rtl819x/toolchain/msdk-4.4.7-mips-EL-3.10-u0.9.33-m32t-140827/bin/../lib/gcc/mips-linux-uclibc/4.4.7/soft-float/el/libgcc.a(_bswapsi2.o)
                0x0000000000403380                __bswapsi2
 .text.stub.2   0x00000000004033b0       0x10 linker stubs
                0x00000000004033b8                .pic.__udivdi3
 .text          0x00000000004033c0      0x430 /mnt/RTK/lost+found/rtl819x-SDK-v3.4.11C-full-package/rtl819x/toolchain/msdk-4.4.7-mips-EL-3.10-u0.9.33-m32t-140827/bin/../lib/gcc/mips-linux-uclibc/4.4.7/soft-float/el/libgcc.a(_udivdi3.o)
                0x00000000004033c0                __udivdi3
 .text          0x00000000004037f0       0x50 /mnt/RTK/lost+found/rtl819x-SDK-v3.4.11C-full-package/rtl819x/toolchain/msdk-4.4.7-mips-EL-3.10-u0.9.33-m32t-140827/bin/../lib/gcc/mips-linux-uclibc/4.4.7/soft-float/el/crtend.o
 .text.bb_show_usage
                0x0000000000403840       0x10 libbb/lib.a(appletlib.o)
                0x0000000000403840                bb_show_usage
 .text.full_write2_str
                0x0000000000403850       0x28 libbb/lib.a(appletlib.o)
 .text.run_applet_no_and_exit
                0x0000000000403878       0xc0 libbb/lib.a(appletlib.o)
                0x0000000000403878                run_applet_no_and_exit
 .text.applet_name_compare
                0x0000000000403938       0x30 libbb/lib.a(appletlib.o)
 .text.lbb_prepare
                0x0000000000403968       0x30 libbb/lib.a(appletlib.o)
                0x0000000000403968                lbb_prepare
 .text.find_applet_by_name
                0x0000000000403998       0x50 libbb/lib.a(appletlib.o)
                0x0000000000403998                find_applet_by_name
 .text.run_applet_and_exit
                0x00000000004039e8      0x194 libbb/lib.a(appletlib.o)
                0x00000000004039e8                run_applet_and_exit
 .text.main     0x0000000000403b7c       0x7c libbb/lib.a(appletlib.o)
                0x0000000000403b7c                main
 .text.bb_basename
                0x0000000000403bf8       0x34 libbb/lib.a(bb_basename.o)
                0x0000000000403bf8                bb_basename
 .text.full_write
                0x0000000000403c2c       0x78 libbb/lib.a(full_write.o)
                0x0000000000403c2c                full_write
 .text.bb_get_last_path_component_nostrip
                0x0000000000403ca4       0x4c libbb/lib.a(get_last_path_component.o)
                0x0000000000403ca4                bb_get_last_path_component_nostrip
 .text.bb_get_last_path_component_strip
                0x0000000000403cf0       0x5c libbb/lib.a(get_last_path_component.o)
                0x0000000000403cf0                bb_get_last_path_component_strip
 .text.last_char_is
                0x0000000000403d4c       0x58 libbb/lib.a(last_char_is.o)
                0x0000000000403d4c                last_char_is
 .text.safe_write
                0x0000000000403da4       0x78 libbb/lib.a(safe_write.o)
                0x0000000000403da4                safe_write
 .text.xfunc_die
                0x0000000000403e1c       0x48 libbb/lib.a(xfunc_die.o)
                0x0000000000403e1c                xfunc_die
 .text.order_dep_list
                0x0000000000403e64       0xbc modutils/lib.a(depmod.o)
 .text.xfreopen_write
                0x0000000000403f20       0x44 modutils/lib.a(depmod.o)
 .text.parse_module
                0x0000000000403f64      0x210 modutils/lib.a(depmod.o)
 .text.depmod_main
                0x0000000000404174      0x2d0 modutils/lib.a(depmod.o)
                0x0000000000404174                depmod_main
 .text.insmod_main
                0x0000000000404444       0x74 modutils/lib.a(insmod.o)
                0x0000000000404444                insmod_main
 .text.lsmod_main
                0x00000000004044b8      0x12c modutils/lib.a(lsmod.o)
                0x00000000004044b8                lsmod_main
 .text.add_option
                0x00000000004045e4       0x70 modutils/lib.a(modprobe.o)
 .text.read_config
                0x0000000000404654       0x38 modutils/lib.a(modprobe.o)
 .text.config_file_action
                0x000000000040468c      0x1d0 modutils/lib.a(modprobe.o)
 .text.do_modprobe
                0x000000000040485c      0x308 modutils/lib.a(modprobe.o)
 .text.modprobe_main
                0x0000000000404b64      0x2dc modutils/lib.a(modprobe.o)
                0x0000000000404b64                modprobe_main
 .text.bb_delete_module
                0x0000000000404e40        0x8 modutils/lib.a(modutils.o)
                0x0000000000404e40                bb_delete_module
 .text.bb_init_module
                0x0000000000404e48       0x7c modutils/lib.a(modutils.o)
                0x0000000000404e48                bb_init_module
 .text.parse_cmdline_module_options
                0x0000000000404ec4       0xbc modutils/lib.a(modutils.o)
                0x0000000000404ec4                parse_cmdline_module_options
 .text.moderror
                0x0000000000404f80       0x88 modutils/lib.a(modutils.o)
                0x0000000000404f80                moderror
 .text.filename2modname
                0x0000000000405008       0x9c modutils/lib.a(modutils.o)
                0x0000000000405008                filename2modname
 .text.string_to_llist
                0x00000000004050a4       0x8c modutils/lib.a(modutils.o)
                0x00000000004050a4                string_to_llist
 .text.llist_find
                0x0000000000405130       0x50 modutils/lib.a(modutils.o)
                0x0000000000405130                llist_find
 .text.rmmod_main
                0x0000000000405180      0x118 modutils/lib.a(rmmod.o)
                0x0000000000405180                rmmod_main
 .text.do_sethostname
                0x0000000000405298       0xd0 networking/lib.a(hostname.o)
 .text.hostname_main
                0x0000000000405368      0x16c networking/lib.a(hostname.o)
                0x0000000000405368                hostname_main
 .text.ifconfig_main
                0x00000000004054d4      0x464 networking/lib.a(ifconfig.o)
                0x00000000004054d4                ifconfig_main
 .text.get_afntype
                0x0000000000405938       0x28 networking/lib.a(interface.o)
 .text.hexchar2int
                0x0000000000405960       0x30 networking/lib.a(interface.o)
 .text.ether_input
                0x0000000000405990      0x104 networking/lib.a(interface.o)
 .text.get_hwntype
                0x0000000000405a94       0x2c networking/lib.a(interface.o)
                0x0000000000405a94                get_hwntype
 .text.add_interface
                0x0000000000405ac0       0xb8 networking/lib.a(interface.o)
 .text.if_readconf
                0x0000000000405b78       0xf4 networking/lib.a(interface.o)
 .text.if_readlist_proc
                0x0000000000405c6c      0x30c networking/lib.a(interface.o)
 .text.do_if_fetch
                0x0000000000405f78      0x364 networking/lib.a(interface.o)
 .text.print_bytes_scaled
                0x00000000004062dc       0x98 networking/lib.a(interface.o)
 .text.ife_print
                0x0000000000406374      0x45c networking/lib.a(interface.o)
 .text.display_interfaces
                0x00000000004067d0       0xf8 networking/lib.a(interface.o)
                0x00000000004067d0                display_interfaces
 .text.UNSPEC_print
                0x00000000004068c8       0xa8 networking/lib.a(interface.o)
 .text.UNSPEC_sprint
                0x0000000000406970       0x30 networking/lib.a(interface.o)
 .text.INET_input
                0x00000000004069a0        0xc networking/lib.a(interface.o)
 .text.INET_sprint
                0x00000000004069ac       0x70 networking/lib.a(interface.o)
 .text.ether_print
                0x0000000000406a1c       0x68 networking/lib.a(interface.o)
 .text.ip_main  0x0000000000406a84       0x60 networking/lib.a(ip.o)
                0x0000000000406a84                ip_main
 .text.ip_print_help
                0x0000000000406ae4       0x10 networking/lib.a(ip.o)
 .text.print_stats_and_exit
                0x0000000000406af4      0x154 networking/lib.a(ping.o)
 .text.sendping4
                0x0000000000406c48      0x218 networking/lib.a(ping.o)
 .text.ping4    0x0000000000406e60      0x3b8 networking/lib.a(ping.o)
 .text.ping_main
                0x0000000000407218      0x17c networking/lib.a(ping.o)
                0x0000000000407218                ping_main
 .text.kw_lookup
                0x0000000000407394       0xa8 networking/lib.a(route.o)
 .text.bb_displayroutes
                0x000000000040743c      0x278 networking/lib.a(route.o)
                0x000000000040743c                bb_displayroutes
 .text.route_main
                0x00000000004076b4      0x538 networking/lib.a(route.o)
                0x00000000004076b4                route_main
 .text.ethctl_unlock
                0x0000000000407bec       0x14 networking/lib.a(vconfig.o)
                0x0000000000407bec                ethctl_unlock
 .text.xfind_str
                0x0000000000407c00       0x60 networking/lib.a(vconfig.o)
 .text.ethctl_lock
                0x0000000000407c60       0xc4 networking/lib.a(vconfig.o)
                0x0000000000407c60                ethctl_lock
 .text.vconfig_main
                0x0000000000407d24      0x690 networking/lib.a(vconfig.o)
                0x0000000000407d24                vconfig_main
 .text.ip_parse_common_args
                0x00000000004083b4      0x158 networking/libiproute/lib.a(ip_parse_common_args.o)
                0x00000000004083b4                ip_parse_common_args
 .text.do_get_ioctl
                0x000000000040850c       0x7c networking/libiproute/lib.a(iptunnel.o)
 .text.parse_args
                0x0000000000408588      0x768 networking/libiproute/lib.a(iptunnel.o)
 .text.do_add_ioctl
                0x0000000000408cf0       0xb0 networking/libiproute/lib.a(iptunnel.o)
 .text.do_add   0x0000000000408da0       0xac networking/libiproute/lib.a(iptunnel.o)
 .text.do_del_ioctl
                0x0000000000408e4c       0x78 networking/libiproute/lib.a(iptunnel.o)
 .text.print_tunnel
                0x0000000000408ec4      0x33c networking/libiproute/lib.a(iptunnel.o)
 .text.do_tunnels_list
                0x0000000000409200      0x2f0 networking/libiproute/lib.a(iptunnel.o)
 .text.do_iptunnel
                0x00000000004094f0      0x1bc networking/libiproute/lib.a(iptunnel.o)
                0x00000000004094f0                do_iptunnel
 .text.rtnl_tab_initialize
                0x00000000004096ac       0xe8 networking/libiproute/lib.a(rt_names.o)
 .text.rtnl_rtdsfield_initialize
                0x0000000000409794       0x5c networking/libiproute/lib.a(rt_names.o)
 .text.rtnl_dsfield_a2n
                0x00000000004097f0      0x114 networking/libiproute/lib.a(rt_names.o)
                0x00000000004097f0                rtnl_dsfield_a2n
 .text.rtnl_dsfield_n2a
                0x0000000000409904       0x7c networking/libiproute/lib.a(rt_names.o)
                0x0000000000409904                rtnl_dsfield_n2a
 .text.rt_addr_n2a
                0x0000000000409980       0x38 networking/libiproute/lib.a(utils.o)
                0x0000000000409980                rt_addr_n2a
 .text.format_host
                0x00000000004099b8        0x8 networking/libiproute/lib.a(utils.o)
                0x00000000004099b8                format_host
 .text.duparg2  0x00000000004099c0       0x20 networking/libiproute/lib.a(utils.o)
                0x00000000004099c0                duparg2
 .text.invarg   0x00000000004099e0       0x20 networking/libiproute/lib.a(utils.o)
                0x00000000004099e0                invarg
 .text.incomplete_command
                0x0000000000409a00       0x14 networking/libiproute/lib.a(utils.o)
                0x0000000000409a00                incomplete_command
 .text.get_addr_1
                0x0000000000409a14      0x140 networking/libiproute/lib.a(utils.o)
                0x0000000000409a14                get_addr_1
 .text.get_addr32
                0x0000000000409b54       0x54 networking/libiproute/lib.a(utils.o)
                0x0000000000409b54                get_addr32
 .text.get_unsigned
                0x0000000000409ba8       0x74 networking/libiproute/lib.a(utils.o)
                0x0000000000409ba8                get_unsigned
 .text.free_main
                0x0000000000409c1c      0x1d4 procps/lib.a(free.o)
                0x0000000000409c1c                free_main
 .text.kill_main
                0x0000000000409df0      0x390 procps/lib.a(kill.o)
                0x0000000000409df0                kill_main
 .text.ps_main  0x000000000040a180      0x118 procps/lib.a(ps.o)
                0x000000000040a180                ps_main
 .text.renice_main
                0x000000000040a298      0x1f0 procps/lib.a(renice.o)
                0x000000000040a298                renice_main
 .text.pid_sort
                0x000000000040a488       0x10 procps/lib.a(top.o)
 .text.mem_sort
                0x000000000040a498       0x24 procps/lib.a(top.o)
 .text.pcpu_sort
                0x000000000040a4bc       0x10 procps/lib.a(top.o)
 .text.time_sort
                0x000000000040a4cc       0x24 procps/lib.a(top.o)
 .text.mult_lvl_cmp
                0x000000000040a4f0       0x68 procps/lib.a(top.o)
 .text.topmem_sort
                0x000000000040a558       0x48 procps/lib.a(top.o)
 .text.reset_term
                0x000000000040a5a0       0x10 procps/lib.a(top.o)
 .text.fmt_100percent_8
                0x000000000040a5b0       0xc4 procps/lib.a(top.o)
 .text.display_process_list
                0x000000000040a674      0x728 procps/lib.a(top.o)
 .text.grab_number
                0x000000000040ad9c       0x68 procps/lib.a(top.o)
 .text.ulltoa6_and_space
                0x000000000040ae04       0x34 procps/lib.a(top.o)
 .text.display_topmem_process_list
                0x000000000040ae38      0x548 procps/lib.a(top.o)
 .text.clearmems
                0x000000000040b380       0x40 procps/lib.a(top.o)
 .text.read_cpu_jiffy
                0x000000000040b3c0      0x188 procps/lib.a(top.o)
 .text.get_jiffy_counts
                0x000000000040b548      0x148 procps/lib.a(top.o)
 .text.do_stats
                0x000000000040b690       0xf8 procps/lib.a(top.o)
 .text.top_main
                0x000000000040b788      0x62c procps/lib.a(top.o)
                0x000000000040b788                top_main
 .text.sig_catcher
                0x000000000040bdb4       0x18 procps/lib.a(top.o)
 .text.uptime_main
                0x000000000040bdcc      0x150 procps/lib.a(uptime.o)
                0x000000000040bdcc                uptime_main
 .text.isdigit_str9
                0x000000000040bf1c       0x30 shell/lib.a(ash.o)
 .text.stunalloc
                0x000000000040bf4c       0x24 shell/lib.a(ash.o)
 .text.setstackmark
                0x000000000040bf70       0x30 shell/lib.a(ash.o)
 .text.prefix   0x000000000040bfa0       0x30 shell/lib.a(ash.o)
 .text.is_number
                0x000000000040bfd0       0x2c shell/lib.a(ash.o)
 .text.varcmp   0x000000000040bffc       0x4c shell/lib.a(ash.o)
 .text.varequal
                0x000000000040c048       0x20 shell/lib.a(ash.o)
 .text.hashvar  0x000000000040c068       0x50 shell/lib.a(ash.o)
 .text.vpcmp    0x000000000040c0b8       0x10 shell/lib.a(ash.o)
 .text.findvar  0x000000000040c0c8       0x54 shell/lib.a(ash.o)
 .text.setprompt
                0x000000000040c11c       0x58 shell/lib.a(ash.o)
 .text.set_curjob
                0x000000000040c174       0x80 shell/lib.a(ash.o)
 .text.jobno    0x000000000040c1f4       0x24 shell/lib.a(ash.o)
 .text.getstatus
                0x000000000040c218       0x6c shell/lib.a(ash.o)
 .text.need_to_remember
                0x000000000040c284       0x40 shell/lib.a(ash.o)
 .text.is_hidden_fd
                0x000000000040c2c4       0x78 shell/lib.a(ash.o)
 .text.esclen   0x000000000040c33c       0x2c shell/lib.a(ash.o)
 .text.falsecmd
                0x000000000040c368        0x8 shell/lib.a(ash.o)
 .text.truecmd  0x000000000040c370        0x8 shell/lib.a(ash.o)
 .text.bltincmd
                0x000000000040c378        0xc shell/lib.a(ash.o)
 .text.pungetc  0x000000000040c384       0x24 shell/lib.a(ash.o)
 .text.raise_exception
                0x000000000040c3a8       0x30 shell/lib.a(ash.o)
 .text.lookupvar
                0x000000000040c3d8       0x54 shell/lib.a(ash.o)
 .text.SIT      0x000000000040c42c       0xa4 shell/lib.a(ash.o)
 .text.bltinlookup
                0x000000000040c4d0       0x74 shell/lib.a(ash.o)
 .text.calcsize
                0x000000000040c544      0x128 shell/lib.a(ash.o)
 .text.sizenodelist
                0x000000000040c66c       0x4c shell/lib.a(ash.o)
 .text.endofname
                0x000000000040c6b8       0x84 shell/lib.a(ash.o)
 .text.goodname
                0x000000000040c73c       0x24 shell/lib.a(ash.o)
 .text.isassignment
                0x000000000040c760       0x3c shell/lib.a(ash.o)
 .text.freealias
                0x000000000040c79c       0x64 shell/lib.a(ash.o)
 .text.freefunc
                0x000000000040c800       0x28 shell/lib.a(ash.o)
 .text.freeparam
                0x000000000040c828       0x60 shell/lib.a(ash.o)
 .text.scanright
                0x000000000040c888       0xf0 shell/lib.a(ash.o)
 .text.scanleft
                0x000000000040c978       0xb8 shell/lib.a(ash.o)
 .text.__lookupalias
                0x000000000040ca30       0x94 shell/lib.a(ash.o)
 .text.lookupalias
                0x000000000040cac4       0x3c shell/lib.a(ash.o)
 .text.msort    0x000000000040cb00       0xd8 shell/lib.a(ash.o)
 .text.pstrcmp  0x000000000040cbd8       0x10 shell/lib.a(ash.o)
 .text.ignoresig
                0x000000000040cbe8       0x60 shell/lib.a(ash.o)
 .text.setsignal
                0x000000000040cc48      0x1f0 shell/lib.a(ash.o)
 .text.nodeckstrdup
                0x000000000040ce38       0x60 shell/lib.a(ash.o)
 .text.copynode
                0x000000000040ce98      0x160 shell/lib.a(ash.o)
 .text.copynodelist
                0x000000000040cff8       0x74 shell/lib.a(ash.o)
 .text.noclobberopen
                0x000000000040d06c       0xe4 shell/lib.a(ash.o)
 .text.errmsg   0x000000000040d150       0x2c shell/lib.a(ash.o)
 .text.tokname  0x000000000040d17c       0x74 shell/lib.a(ash.o)
 .text.findkwd  0x000000000040d1f0       0x34 shell/lib.a(ash.o)
 .text.find_builtin
                0x000000000040d224       0x34 shell/lib.a(ash.o)
 .text.raise_interrupt
                0x000000000040d258       0x74 shell/lib.a(ash.o)
 .text.int_on   0x000000000040d2cc       0x44 shell/lib.a(ash.o)
 .text.fmtstr   0x000000000040d310       0x48 shell/lib.a(ash.o)
 .text.sprint_status
                0x000000000040d358      0x114 shell/lib.a(ash.o)
 .text.removerecordregions
                0x000000000040d46c      0x144 shell/lib.a(ash.o)
 .text.freejob  0x000000000040d5b0       0xb8 shell/lib.a(ash.o)
 .text.unalias  0x000000000040d668       0x58 shell/lib.a(ash.o)
 .text.popstring
                0x000000000040d6c0       0xe8 shell/lib.a(ash.o)
 .text.popfile  0x000000000040d7a8       0xb4 shell/lib.a(ash.o)
 .text.popallfiles
                0x000000000040d85c       0x44 shell/lib.a(ash.o)
 .text.outstr   0x000000000040d8a0       0x2c shell/lib.a(ash.o)
 .text.out1str  0x000000000040d8cc       0x10 shell/lib.a(ash.o)
 .text.flush_stderr
                0x000000000040d8dc       0x34 shell/lib.a(ash.o)
 .text.out2str  0x000000000040d910       0x20 shell/lib.a(ash.o)
 .text.stoppedjobs
                0x000000000040d930       0x68 shell/lib.a(ash.o)
 .text.dowait   0x000000000040d998      0x1e0 shell/lib.a(ash.o)
 .text.popstackmark
                0x000000000040db78       0xa4 shell/lib.a(ash.o)
 .text.flush_stdout_stderr
                0x000000000040dc1c       0x40 shell/lib.a(ash.o)
 .text.pgetc    0x000000000040dc5c      0x2cc shell/lib.a(ash.o)
 .text.pgetc2   0x000000000040df28       0x2c shell/lib.a(ash.o)
 .text.delete_cmd_entry
                0x000000000040df54       0x64 shell/lib.a(ash.o)
 .text.out1fmt  0x000000000040dfb8       0x50 shell/lib.a(ash.o)
 .text.printlim
                0x000000000040e008       0x48 shell/lib.a(ash.o)
 .text.timescmd
                0x000000000040e050       0xd4 shell/lib.a(ash.o)
 .text.clearcmdentry
                0x000000000040e124       0xd4 shell/lib.a(ash.o)
 .text.changepath
                0x000000000040e1f8      0x14c shell/lib.a(ash.o)
 .text.onsig    0x000000000040e344       0x68 shell/lib.a(ash.o)
 .text.force_int_on
                0x000000000040e3ac       0x30 shell/lib.a(ash.o)
 .text.evalbltin
                0x000000000040e3dc      0x100 shell/lib.a(ash.o)
 .text.T.921    0x000000000040e4dc       0x88 shell/lib.a(ash.o)
 .text.showpipe
                0x000000000040e564       0x80 shell/lib.a(ash.o)
 .text.showjob  0x000000000040e5e4      0x220 shell/lib.a(ash.o)
 .text.showjobs
                0x000000000040e804       0x98 shell/lib.a(ash.o)
 .text.ash_vmsg
                0x000000000040e89c       0xe4 shell/lib.a(ash.o)
 .text.ash_msg  0x000000000040e980       0x30 shell/lib.a(ash.o)
 .text.ash_vmsg_and_raise
                0x000000000040e9b0       0x2c shell/lib.a(ash.o)
 .text.ash_msg_and_raise_error
                0x000000000040e9dc       0x2c shell/lib.a(ash.o)
 .text.ckrealloc
                0x000000000040ea08       0x2c shell/lib.a(ash.o)
 .text.ckmalloc
                0x000000000040ea34       0x10 shell/lib.a(ash.o)
 .text.ckzalloc
                0x000000000040ea44       0x28 shell/lib.a(ash.o)
 .text.recordregion
                0x000000000040ea6c       0x94 shell/lib.a(ash.o)
 .text.cmdlookup
                0x000000000040eb00       0xf0 shell/lib.a(ash.o)
 .text.pushfile
                0x000000000040ebf0       0x70 shell/lib.a(ash.o)
 .text.setinputstring
                0x000000000040ec60       0x68 shell/lib.a(ash.o)
 .text.pushstring
                0x000000000040ecc8       0xcc shell/lib.a(ash.o)
 .text.tryexec  0x000000000040ed94      0x120 shell/lib.a(ash.o)
 .text.makejob  0x000000000040eeb4      0x1d4 shell/lib.a(ash.o)
 .text.varunset
                0x000000000040f088       0x70 shell/lib.a(ash.o)
 .text.ckstrdup
                0x000000000040f0f8       0x2c shell/lib.a(ash.o)
 .text.setparam
                0x000000000040f124       0xa8 shell/lib.a(ash.o)
 .text.setvareq
                0x000000000040f1cc      0x15c shell/lib.a(ash.o)
 .text.listsetvar
                0x000000000040f328       0x70 shell/lib.a(ash.o)
 .text.setvar   0x000000000040f398      0x10c shell/lib.a(ash.o)
 .text.arith    0x000000000040f4a4      0x73c shell/lib.a(ash.o)
 .text.arith_lookup_val
                0x000000000040fbe0       0xc0 shell/lib.a(ash.o)
 .text.unsetvar
                0x000000000040fca0       0xe0 shell/lib.a(ash.o)
 .text.setpwd   0x000000000040fd80      0x108 shell/lib.a(ash.o)
 .text.localcmd
                0x000000000040fe88      0x18c shell/lib.a(ash.o)
 .text.xtcsetpgrp
                0x0000000000410014       0x2c shell/lib.a(ash.o)
 .text.waitforjob
                0x0000000000410040       0xa4 shell/lib.a(ash.o)
 .text.setjobctl
                0x00000000004100e4      0x1cc shell/lib.a(ash.o)
 .text.optschanged
                0x00000000004102b0       0x60 shell/lib.a(ash.o)
 .text.copyfd   0x0000000000410310       0x78 shell/lib.a(ash.o)
 .text.popredir
                0x0000000000410388      0x168 shell/lib.a(ash.o)
 .text.clearredir
                0x00000000004104f0       0x50 shell/lib.a(ash.o)
 .text.raise_error_syntax
                0x0000000000410540       0x18 shell/lib.a(ash.o)
 .text.raise_error_unexpected_syntax
                0x0000000000410558       0x68 shell/lib.a(ash.o)
 .text.dash_arith
                0x00000000004105c0       0xa0 shell/lib.a(ash.o)
 .text.stalloc  0x0000000000410660       0xd0 shell/lib.a(ash.o)
 .text.ststrdup
                0x0000000000410730       0x38 shell/lib.a(ash.o)
 .text.stzalloc
                0x0000000000410768       0x28 shell/lib.a(ash.o)
 .text.addfname
                0x0000000000410790       0x4c shell/lib.a(ash.o)
 .text.expmeta  0x00000000004107dc      0x314 shell/lib.a(ash.o)
 .text.makename
                0x0000000000410af0       0x3c shell/lib.a(ash.o)
 .text.fixredir
                0x0000000000410b2c       0xac shell/lib.a(ash.o)
 .text.growstackblock
                0x0000000000410bd8      0x144 shell/lib.a(ash.o)
 .text.makestrspace
                0x0000000000410d1c       0x5c shell/lib.a(ash.o)
 .text.memtodest
                0x0000000000410d78       0xe0 shell/lib.a(ash.o)
 .text.stack_nputstr
                0x0000000000410e58       0x4c shell/lib.a(ash.o)
 .text.stack_putstr
                0x0000000000410ea4       0x34 shell/lib.a(ash.o)
 .text.cvtnum   0x0000000000410ed8       0x5c shell/lib.a(ash.o)
 .text.cmdputs  0x0000000000410f34      0x29c shell/lib.a(ash.o)
 .text.cmdtxt   0x00000000004111d0      0x3b4 shell/lib.a(ash.o)
 .text.cmdlist  0x0000000000411584       0x7c shell/lib.a(ash.o)
 .text.single_quote
                0x0000000000411600      0x100 shell/lib.a(ash.o)
 .text.printalias
                0x0000000000411700       0x38 shell/lib.a(ash.o)
 .text.aliascmd
                0x0000000000411738      0x1c4 shell/lib.a(ash.o)
 .text._rmescapes
                0x00000000004118fc      0x194 shell/lib.a(ash.o)
 .text.preglob  0x0000000000411a90       0x18 shell/lib.a(ash.o)
 .text.growstackstr
                0x0000000000411aa8       0x60 shell/lib.a(ash.o)
 .text._STPUTC  0x0000000000411b08       0x3c shell/lib.a(ash.o)
 .text.listvars
                0x0000000000411b44       0xe4 shell/lib.a(ash.o)
 .text.showvars
                0x0000000000411c28      0x100 shell/lib.a(ash.o)
 .text.padvance
                0x0000000000411d28      0x170 shell/lib.a(ash.o)
 .text.readtoken1
                0x0000000000411e98     0x10f0 shell/lib.a(ash.o)
 .text.parseheredoc
                0x0000000000412f88       0xd8 shell/lib.a(ash.o)
 .text.xxreadtoken
                0x0000000000413060      0x270 shell/lib.a(ash.o)
 .text.readtoken
                0x00000000004132d0      0x124 shell/lib.a(ash.o)
 .text.parsefname
                0x00000000004133f4      0x1a4 shell/lib.a(ash.o)
 .text.peektoken
                0x0000000000413598       0x40 shell/lib.a(ash.o)
 .text.parse_command
                0x00000000004135d8      0x748 shell/lib.a(ash.o)
 .text.pipeline
                0x0000000000413d20      0x120 shell/lib.a(ash.o)
 .text.list     0x0000000000413e40      0x224 shell/lib.a(ash.o)
 .text.parsecmd
                0x0000000000414064       0x78 shell/lib.a(ash.o)
 .text.forkshell
                0x00000000004140dc      0x364 shell/lib.a(ash.o)
 .text.nextopt  0x0000000000414440      0x108 shell/lib.a(ash.o)
 .text.cdopt    0x0000000000414548       0x60 shell/lib.a(ash.o)
 .text.pwdcmd   0x00000000004145a8       0x68 shell/lib.a(ash.o)
 .text.unsetcmd
                0x0000000000414610       0xdc shell/lib.a(ash.o)
 .text.unaliascmd
                0x00000000004146ec      0x12c shell/lib.a(ash.o)
 .text.exportcmd
                0x0000000000414818      0x104 shell/lib.a(ash.o)
 .text.number   0x000000000041491c       0x34 shell/lib.a(ash.o)
 .text.returncmd
                0x0000000000414950       0x38 shell/lib.a(ash.o)
 .text.exitcmd  0x0000000000414988       0x4c shell/lib.a(ash.o)
 .text.shiftcmd
                0x00000000004149d4       0xc0 shell/lib.a(ash.o)
 .text.getjob   0x0000000000414a94      0x1c8 shell/lib.a(ash.o)
 .text.waitcmd  0x0000000000414c5c      0x174 shell/lib.a(ash.o)
 .text.killcmd  0x0000000000414dd0       0xcc shell/lib.a(ash.o)
 .text.jobscmd  0x0000000000414e9c       0xc8 shell/lib.a(ash.o)
 .text.fg_bgcmd
                0x0000000000414f64      0x1a8 shell/lib.a(ash.o)
 .text.options  0x000000000041510c      0x2d4 shell/lib.a(ash.o)
 .text.setcmd   0x00000000004153e0       0x98 shell/lib.a(ash.o)
 .text.readcmd  0x0000000000415478      0x340 shell/lib.a(ash.o)
 .text.letcmd   0x00000000004157b8       0x50 shell/lib.a(ash.o)
 .text.breakcmd
                0x0000000000415808       0x90 shell/lib.a(ash.o)
 .text.umaskcmd
                0x0000000000415898      0x200 shell/lib.a(ash.o)
 .text.ulimitcmd
                0x0000000000415a98      0x234 shell/lib.a(ash.o)
 .text.setinputfile
                0x0000000000415ccc      0x114 shell/lib.a(ash.o)
 .text.trapcmd  0x0000000000415de0      0x170 shell/lib.a(ash.o)
 .text.cdcmd    0x0000000000415f50      0x424 shell/lib.a(ash.o)
 .text.ash_msg_and_raise
                0x0000000000416374       0x20 shell/lib.a(ash.o)
 .text.shellexec
                0x0000000000416394      0x158 shell/lib.a(ash.o)
 .text.execcmd  0x00000000004164ec       0x58 shell/lib.a(ash.o)
 .text.expandarg
                0x0000000000416544      0x48c shell/lib.a(ash.o)
 .text.expredir
                0x00000000004169d0       0xf4 shell/lib.a(ash.o)
 .text.redirect
                0x0000000000416ac4      0x50c shell/lib.a(ash.o)
 .text.redirectsafe
                0x0000000000416fd0       0xb8 shell/lib.a(ash.o)
 .text.evaltree
                0x0000000000417088      0x434 shell/lib.a(ash.o)
 .text.argstr   0x00000000004174bc      0x6a8 shell/lib.a(ash.o)
 .text.subevalvar
                0x0000000000417b64      0x5cc shell/lib.a(ash.o)
 .text.evalvar  0x0000000000418130      0x738 shell/lib.a(ash.o)
 .text.evalstring
                0x0000000000418868       0xa4 shell/lib.a(ash.o)
 .text.evalcmd  0x000000000041890c       0xa8 shell/lib.a(ash.o)
 .text.exitshell
                0x00000000004189b4       0x7c shell/lib.a(ash.o)
 .text.cmdloop  0x0000000000418a30      0x14c shell/lib.a(ash.o)
 .text.find_command
                0x0000000000418b7c      0x43c shell/lib.a(ash.o)
 .text.typecmd  0x0000000000418fb8      0x2a8 shell/lib.a(ash.o)
 .text.hashcmd  0x0000000000419260      0x1e0 shell/lib.a(ash.o)
 .text.evalpipe
                0x0000000000419440      0x1fc shell/lib.a(ash.o)
 .text.dotcmd   0x000000000041963c      0x1a4 shell/lib.a(ash.o)
 .text.read_profile
                0x00000000004197e0       0x44 shell/lib.a(ash.o)
 .text.ash_main
                0x0000000000419824      0x620 shell/lib.a(ash.o)
                0x0000000000419824                ash_main
 .text.evalloop
                0x0000000000419e44      0x120 shell/lib.a(ash.o)
 .text.evalfun  0x0000000000419f64      0x26c shell/lib.a(ash.o)
 .text.evalsubshell
                0x000000000041a1d0       0xec shell/lib.a(ash.o)
 .text.evalcase
                0x000000000041a2bc      0x190 shell/lib.a(ash.o)
 .text.evalfor  0x000000000041a44c      0x154 shell/lib.a(ash.o)
 .text.evalcommand
                0x000000000041a5a0      0x504 shell/lib.a(ash.o)
 .text.klogd_main
                0x000000000041aaa4      0x238 sysklogd/lib.a(klogd.o)
                0x000000000041aaa4                klogd_main
 .text.klogd_signal
                0x000000000041acdc       0x48 sysklogd/lib.a(klogd.o)
 .text.create_socket
                0x000000000041ad24       0xb8 sysklogd/lib.a(syslogd_and_logger.o)
 .text.log_locally
                0x000000000041addc      0x358 sysklogd/lib.a(syslogd_and_logger.o)
 .text.timestamp_and_log
                0x000000000041b134      0x1b4 sysklogd/lib.a(syslogd_and_logger.o)
 .text.timestamp_and_log_internal
                0x000000000041b2e8       0x30 sysklogd/lib.a(syslogd_and_logger.o)
 .text.syslogd_main
                0x000000000041b318      0x534 sysklogd/lib.a(syslogd_and_logger.o)
                0x000000000041b318                syslogd_main
 .text.quit_signal
                0x000000000041b84c       0x84 sysklogd/lib.a(syslogd_and_logger.o)
 .text.parse_mount_options
                0x000000000041b8d0      0x160 util-linux/lib.a(mount.o)
 .text.append_mount_options
                0x000000000041ba30      0x144 util-linux/lib.a(mount.o)
 .text.mount_it_now
                0x000000000041bb74      0x188 util-linux/lib.a(mount.o)
 .text.singlemount
                0x000000000041bcfc      0x244 util-linux/lib.a(mount.o)
 .text.mount_main
                0x000000000041bf40      0x454 util-linux/lib.a(mount.o)
                0x000000000041bf40                mount_main
 .text.umount_main
                0x000000000041c394      0x2fc util-linux/lib.a(umount.o)
                0x000000000041c394                umount_main
 .text.unpack_bunzip2
                0x000000000041c690       0x10 archival/lib.a(bbunzip.o)
 .text.open_to_or_warn
                0x000000000041c6a0       0x48 archival/lib.a(bbunzip.o)
 .text.bbunpack
                0x000000000041c6e8      0x26c archival/lib.a(bbunzip.o)
                0x000000000041c6e8                bbunpack
 .text.bunzip2_main
                0x000000000041c954       0x74 archival/lib.a(bbunzip.o)
                0x000000000041c954                bunzip2_main
 .text.make_new_name_bunzip2
                0x000000000041c9c8       0x60 archival/lib.a(bbunzip.o)
 .text.dealloc_bunzip
                0x000000000041ca28       0x2c archival/libunarchive/lib.a(decompress_bunzip2.o)
                0x000000000041ca28                dealloc_bunzip
 .text.get_bits
                0x000000000041ca54      0x110 archival/libunarchive/lib.a(decompress_bunzip2.o)
 .text.start_bunzip
                0x000000000041cb64      0x10c archival/libunarchive/lib.a(decompress_bunzip2.o)
                0x000000000041cb64                start_bunzip
 .text.get_next_block
                0x000000000041cc70      0x950 archival/libunarchive/lib.a(decompress_bunzip2.o)
 .text.read_bunzip
                0x000000000041d5c0      0x1b8 archival/libunarchive/lib.a(decompress_bunzip2.o)
                0x000000000041d5c0                read_bunzip
 .text.unpack_bz2_stream
                0x000000000041d778      0x108 archival/libunarchive/lib.a(decompress_bunzip2.o)
                0x000000000041d778                unpack_bz2_stream
 .text.unpack_bz2_stream_prime
                0x000000000041d880       0x68 archival/libunarchive/lib.a(decompress_bunzip2.o)
                0x000000000041d880                unpack_bz2_stream_prime
 .text.bb_cat   0x000000000041d8e8       0x94 coreutils/lib.a(cat.o)
                0x000000000041d8e8                bb_cat
 .text.cat_main
                0x000000000041d97c       0x40 coreutils/lib.a(cat.o)
                0x000000000041d97c                cat_main
 .text.cp_main  0x000000000041d9bc      0x174 coreutils/lib.a(cp.o)
                0x000000000041d9bc                cp_main
 .text.cmpfunc  0x000000000041db30       0x10 coreutils/lib.a(cut.o)
 .text.cut_main
                0x000000000041db40      0x578 coreutils/lib.a(cut.o)
                0x000000000041db40                cut_main
 .text.maybe_set_utc
                0x000000000041e0b8       0x20 coreutils/lib.a(date.o)
 .text.date_main
                0x000000000041e0d8      0x510 coreutils/lib.a(date.o)
                0x000000000041e0d8                date_main
 .text.echo_main
                0x000000000041e5e8      0x1d8 coreutils/lib.a(echo.o)
                0x000000000041e5e8                echo_main
 .text.null     0x000000000041e7c0       0x40 coreutils/lib.a(expr.o)
 .text.tostring
                0x000000000041e800       0x44 coreutils/lib.a(expr.o)
 .text.int_value
                0x000000000041e844       0x2c coreutils/lib.a(expr.o)
 .text.str_value
                0x000000000041e870       0x4c coreutils/lib.a(expr.o)
 .text.docolon  0x000000000041e8bc      0x128 coreutils/lib.a(expr.o)
 .text.toarith  0x000000000041e9e4       0x74 coreutils/lib.a(expr.o)
 .text.arithmetic_common
                0x000000000041ea58       0xc4 coreutils/lib.a(expr.o)
 .text.freev    0x000000000041eb1c       0x38 coreutils/lib.a(expr.o)
 .text.nextarg  0x000000000041eb54       0x50 coreutils/lib.a(expr.o)
 .text.eval     0x000000000041eba4       0x9c coreutils/lib.a(expr.o)
 .text.eval6    0x000000000041ec40      0x2b8 coreutils/lib.a(expr.o)
 .text.eval5    0x000000000041eef8       0x9c coreutils/lib.a(expr.o)
 .text.eval4    0x000000000041ef94       0xf0 coreutils/lib.a(expr.o)
 .text.eval3    0x000000000041f084       0xd0 coreutils/lib.a(expr.o)
 .text.eval2    0x000000000041f154      0x1e4 coreutils/lib.a(expr.o)
 .text.eval1    0x000000000041f338       0xbc coreutils/lib.a(expr.o)
 .text.expr_main
                0x000000000041f3f4       0x88 coreutils/lib.a(expr.o)
                0x000000000041f3f4                expr_main
 .text.false_main
                0x000000000041f47c        0x8 coreutils/lib.a(false.o)
                0x000000000041f47c                false_main
 .text.head_main
                0x000000000041f484      0x204 coreutils/lib.a(head.o)
                0x000000000041f484                head_main
 .text.ln_main  0x000000000041f688      0x274 coreutils/lib.a(ln.o)
                0x000000000041f688                ln_main
 .text.append_char
                0x000000000041f8fc       0x64 coreutils/lib.a(ls.o)
 .text.count_dirs
                0x000000000041f960       0x7c coreutils/lib.a(ls.o)
 .text.my_stat  0x000000000041f9dc       0xb4 coreutils/lib.a(ls.o)
 .text.dnalloc  0x000000000041fa90       0x18 coreutils/lib.a(ls.o)
 .text.splitdnarray
                0x000000000041faa8      0x114 coreutils/lib.a(ls.o)
 .text.showfiles
                0x000000000041fbbc      0x5e8 coreutils/lib.a(ls.o)
 .text.dnsort   0x00000000004201a4       0x14 coreutils/lib.a(ls.o)
 .text.sortcmp  0x00000000004201b8       0xd8 coreutils/lib.a(ls.o)
 .text.showdirs
                0x0000000000420290      0x2cc coreutils/lib.a(ls.o)
 .text.ls_main  0x000000000042055c      0x3a8 coreutils/lib.a(ls.o)
                0x000000000042055c                ls_main
 .text.mkdir_main
                0x0000000000420904       0xe8 coreutils/lib.a(mkdir.o)
                0x0000000000420904                mkdir_main
 .text.get_width_prec
                0x00000000004209ec       0x50 coreutils/lib.a(printf.o)
 .text.conv_strtol
                0x0000000000420a3c       0x30 coreutils/lib.a(printf.o)
 .text.multiconvert
                0x0000000000420a6c       0x94 coreutils/lib.a(printf.o)
 .text.print_direc
                0x0000000000420b00      0x244 coreutils/lib.a(printf.o)
 .text.printf_main
                0x0000000000420d44      0x410 coreutils/lib.a(printf.o)
                0x0000000000420d44                printf_main
 .text.conv_strtoul
                0x0000000000421154       0x30 coreutils/lib.a(printf.o)
 .text.conv_strtod
                0x0000000000421184       0x54 coreutils/lib.a(printf.o)
 .text.rm_main  0x00000000004211d8      0x140 coreutils/lib.a(rm.o)
                0x00000000004211d8                rm_main
 .text.sleep_main
                0x0000000000421318       0x3c coreutils/lib.a(sleep.o)
                0x0000000000421318                sleep_main
 .text.eat_num  0x0000000000421354       0x34 coreutils/lib.a(tail.o)
 .text.tail_xprint_header
                0x0000000000421388       0x30 coreutils/lib.a(tail.o)
 .text.tail_read
                0x00000000004213b8       0xb4 coreutils/lib.a(tail.o)
 .text.tail_main
                0x000000000042146c      0x4f8 coreutils/lib.a(tail.o)
                0x000000000042146c                tail_main
 .text.check_operator
                0x0000000000421964       0x90 coreutils/lib.a(test.o)
 .text.syntax   0x00000000004219f4       0x5c coreutils/lib.a(test.o)
 .text.getn     0x0000000000421a50       0x84 coreutils/lib.a(test.o)
 .text.binop    0x0000000000421ad4      0x1f8 coreutils/lib.a(test.o)
 .text.filstat  0x0000000000421ccc      0x29c coreutils/lib.a(test.o)
 .text.nexpr    0x0000000000421f68      0x1c4 coreutils/lib.a(test.o)
 .text.aexpr    0x000000000042212c       0x88 coreutils/lib.a(test.o)
 .text.oexpr    0x00000000004221b4       0x8c coreutils/lib.a(test.o)
 .text.test_main
                0x0000000000422240      0x16c coreutils/lib.a(test.o)
                0x0000000000422240                test_main
 .text.true_main
                0x00000000004223ac        0x8 coreutils/lib.a(true.o)
                0x00000000004223ac                true_main
 .text.wc_main  0x00000000004223b4      0x2e8 coreutils/lib.a(wc.o)
                0x00000000004223b4                wc_main
 .text.cp_mv_stat2
                0x000000000042269c       0x80 coreutils/libcoreutils/lib.a(cp_mv_stat.o)
                0x000000000042269c                cp_mv_stat2
 .text.cp_mv_stat
                0x000000000042271c       0x10 coreutils/libcoreutils/lib.a(cp_mv_stat.o)
                0x000000000042271c                cp_mv_stat
 .text.add_grep_list_data
                0x000000000042272c       0x2c findutils/lib.a(grep.o)
 .text.T.25     0x0000000000422758       0x9c findutils/lib.a(grep.o)
 .text.grep_file
                0x00000000004227f4      0x268 findutils/lib.a(grep.o)
 .text.grep_main
                0x0000000000422a5c      0x30c findutils/lib.a(grep.o)
                0x0000000000422a5c                grep_main
 .text.file_action_grep
                0x0000000000422d68       0xa0 findutils/lib.a(grep.o)
 .text.halt_main
                0x0000000000422e08      0x100 init/lib.a(halt.o)
                0x0000000000422e08                halt_main
 .text.loop_forever
                0x0000000000422f08       0x18 init/lib.a(init.o)
 .text.waitfor  0x0000000000422f20       0x34 init/lib.a(init.o)
 .text.init_reboot
                0x0000000000422f54       0x3c init/lib.a(init.o)
 .text.set_sane_term
                0x0000000000422f90       0xa0 init/lib.a(init.o)
 .text.new_init_action
                0x0000000000423030       0xec init/lib.a(init.o)
 .text.delete_init_action
                0x000000000042311c       0x4c init/lib.a(init.o)
 .text.message  0x0000000000423168       0xe0 init/lib.a(init.o)
 .text.parse_inittab
                0x0000000000423248      0x220 init/lib.a(init.o)
 .text.init_exec
                0x0000000000423468      0x15c init/lib.a(init.o)
 .text.stop_handler
                0x00000000004235c4       0x60 init/lib.a(init.o)
 .text.kill_all_processes
                0x0000000000423624       0xa8 init/lib.a(init.o)
 .text.halt_reboot_pwoff
                0x00000000004236cc       0x88 init/lib.a(init.o)
 .text.open_stdio_to_tty
                0x0000000000423754       0xa4 init/lib.a(init.o)
 .text.run      0x00000000004237f8      0x174 init/lib.a(init.o)
 .text.run_actions
                0x000000000042396c       0xb8 init/lib.a(init.o)
 .text.init_main
                0x0000000000423a24      0x388 init/lib.a(init.o)
                0x0000000000423a24                init_main
 .text.reload_signal
                0x0000000000423dac       0x8c init/lib.a(init.o)
 .text.ctrlaltdel_signal
                0x0000000000423e38        0xc init/lib.a(init.o)
 .text.exec_restart_action
                0x0000000000423e44       0x78 init/lib.a(init.o)
 .text.ret_ERANGE
                0x0000000000423ebc       0x1c libbb/lib.a(bb_strtonum.o)
 .text.handle_errors
                0x0000000000423ed8       0x74 libbb/lib.a(bb_strtonum.o)
 .text.bb_strtol
                0x0000000000423f4c       0x88 libbb/lib.a(bb_strtonum.o)
                0x0000000000423f4c                bb_strtol
 .text.bb_strtoul
                0x0000000000423fd4       0x7c libbb/lib.a(bb_strtonum.o)
                0x0000000000423fd4                bb_strtoul
 .text.index_in_substrings
                0x0000000000424050       0x94 libbb/lib.a(compare_string_array.o)
                0x0000000000424050                index_in_substrings
 .text.index_in_strings
                0x00000000004240e4       0x74 libbb/lib.a(compare_string_array.o)
                0x00000000004240e4                index_in_strings
 .text.concat_path_file
                0x0000000000424158       0x78 libbb/lib.a(concat_path_file.o)
                0x0000000000424158                concat_path_file
 .text.ask_and_unlink
                0x00000000004241d0       0xa0 libbb/lib.a(copy_file.o)
 .text.copy_file
                0x0000000000424270      0x654 libbb/lib.a(copy_file.o)
                0x0000000000424270                copy_file
 .text.bb_full_fd_action
                0x00000000004248c4      0x120 libbb/lib.a(copyfd.o)
 .text.bb_copyfd_eof
                0x00000000004249e4        0xc libbb/lib.a(copyfd.o)
                0x00000000004249e4                bb_copyfd_eof
 .text.bb_copyfd_size
                0x00000000004249f0       0x18 libbb/lib.a(copyfd.o)
                0x00000000004249f0                bb_copyfd_size
 .text.crc32_filltable
                0x0000000000424a08       0xa0 libbb/lib.a(crc32.o)
                0x0000000000424a08                crc32_filltable
 .text.create_icmp_socket
                0x0000000000424aa8       0x74 libbb/lib.a(create_icmp_socket.o)
                0x0000000000424aa8                create_icmp_socket
 .text.device_open
                0x0000000000424b1c       0xa4 libbb/lib.a(device_open.o)
                0x0000000000424b1c                device_open
 .text.bb_error_msg
                0x0000000000424bc0       0x34 libbb/lib.a(error_msg.o)
                0x0000000000424bc0                bb_error_msg
 .text.bb_error_msg_and_die
                0x0000000000424bf4       0x30 libbb/lib.a(error_msg_and_die.o)
                0x0000000000424bf4                bb_error_msg_and_die
 .text.bb_execvp
                0x0000000000424c24       0x3c libbb/lib.a(execable.o)
                0x0000000000424c24                bb_execvp
 .text.fclose_if_not_stdin
                0x0000000000424c60       0x64 libbb/lib.a(fclose_nonstdin.o)
                0x0000000000424c60                fclose_if_not_stdin
 .text.fflush_stdout_and_exit
                0x0000000000424cc4       0x4c libbb/lib.a(fflush_stdout_and_exit.o)
                0x0000000000424cc4                fflush_stdout_and_exit
 .text.find_pid_by_name
                0x0000000000424d10      0x140 libbb/lib.a(find_pid_by_name.o)
                0x0000000000424d10                find_pid_by_name
 .text.bb_get_chunk_with_continuation
                0x0000000000424e50      0x170 libbb/lib.a(get_line_from_file.o)
                0x0000000000424e50                bb_get_chunk_with_continuation
 .text.bb_get_chunk_from_file
                0x0000000000424fc0        0xc libbb/lib.a(get_line_from_file.o)
                0x0000000000424fc0                bb_get_chunk_from_file
 .text.xmalloc_fgetline
                0x0000000000424fcc       0x40 libbb/lib.a(get_line_from_file.o)
                0x0000000000424fcc                xmalloc_fgetline
 .text.getopt32
                0x000000000042500c      0x550 libbb/lib.a(getopt32.o)
                0x000000000042500c                getopt32
 .text.INET_rresolve
                0x000000000042555c      0x18c libbb/lib.a(inet_common.o)
                0x000000000042555c                INET_rresolve
 .text.INET_resolve
                0x00000000004256e8       0xa0 libbb/lib.a(inet_common.o)
                0x00000000004256e8                INET_resolve
 .text.is_in_ino_dev_hashtable
                0x0000000000425788       0x74 libbb/lib.a(inode_hash.o)
                0x0000000000425788                is_in_ino_dev_hashtable
 .text.add_to_ino_dev_hashtable
                0x00000000004257fc       0xc4 libbb/lib.a(inode_hash.o)
                0x00000000004257fc                add_to_ino_dev_hashtable
 .text.is_directory
                0x00000000004258c0       0x5c libbb/lib.a(isdirectory.o)
                0x00000000004258c0                is_directory
 .text.new_line_input_t
                0x000000000042591c       0x2c libbb/lib.a(lineedit.o)
                0x000000000042591c                new_line_input_t
 .text.put_prompt
                0x0000000000425948       0x5c libbb/lib.a(lineedit.o)
 .text.parse_and_put_prompt
                0x00000000004259a4       0x30 libbb/lib.a(lineedit.o)
 .text.beep     0x00000000004259d4        0xc libbb/lib.a(lineedit.o)
 .text.input_backward
                0x00000000004259e0       0xd0 libbb/lib.a(lineedit.o)
 .text.free_tab_completion_data
                0x0000000000425ab0       0x68 libbb/lib.a(lineedit.o)
 .text.deinit_S
                0x0000000000425b18       0x10 libbb/lib.a(lineedit.o)
 .text.save_command_ps_at_cur_history
                0x0000000000425b28       0x6c libbb/lib.a(lineedit.o)
 .text.get_previous_history
                0x0000000000425b94       0x70 libbb/lib.a(lineedit.o)
 .text.get_next_history
                0x0000000000425c04       0x74 libbb/lib.a(lineedit.o)
 .text.add_quote_for_spec_chars
                0x0000000000425c78       0xa8 libbb/lib.a(lineedit.o)
 .text.cmdedit_set_out_char
                0x0000000000425d20       0x80 libbb/lib.a(lineedit.o)
 .text.input_forward
                0x0000000000425da0       0x2c libbb/lib.a(lineedit.o)
 .text.input_end
                0x0000000000425dcc       0x40 libbb/lib.a(lineedit.o)
 .text.goto_new_line
                0x0000000000425e0c       0x38 libbb/lib.a(lineedit.o)
 .text.redraw   0x0000000000425e44       0x60 libbb/lib.a(lineedit.o)
 .text.input_tab
                0x0000000000425ea4      0xecc libbb/lib.a(lineedit.o)
 .text.input_delete
                0x0000000000426d70       0x80 libbb/lib.a(lineedit.o)
 .text.input_backspace
                0x0000000000426df0       0x38 libbb/lib.a(lineedit.o)
 .text.win_changed
                0x0000000000426e28       0xa0 libbb/lib.a(lineedit.o)
 .text.read_line_input
                0x0000000000426ec8      0x828 libbb/lib.a(lineedit.o)
                0x0000000000426ec8                read_line_input
 .text.llist_rev
                0x00000000004276f0       0x24 libbb/lib.a(llist.o)
                0x00000000004276f0                llist_rev
 .text.llist_pop
                0x0000000000427714       0x50 libbb/lib.a(llist.o)
                0x0000000000427714                llist_pop
 .text.llist_add_to_end
                0x0000000000427764       0x5c libbb/lib.a(llist.o)
                0x0000000000427764                llist_add_to_end
 .text.llist_add_to
                0x00000000004277c0       0x40 libbb/lib.a(llist.o)
                0x00000000004277c0                llist_add_to
 .text.sanitize_env_if_suid
                0x0000000000427800       0x70 libbb/lib.a(login.o)
                0x0000000000427800                sanitize_env_if_suid
 .text.bb_make_directory
                0x0000000000427870      0x1b8 libbb/lib.a(make_directory.o)
                0x0000000000427870                bb_make_directory
 .text.match_fstype
                0x0000000000427a28       0xd8 libbb/lib.a(match_fstype.o)
                0x0000000000427a28                match_fstype
 .text.bb_mode_string
                0x0000000000427b00       0xb8 libbb/lib.a(mode_string.o)
                0x0000000000427b00                bb_mode_string
 .text.config_free_data
                0x0000000000427bb8       0x2c libbb/lib.a(parse_config.o)
 .text.config_read
                0x0000000000427be4      0x29c libbb/lib.a(parse_config.o)
                0x0000000000427be4                config_read
 .text.config_close
                0x0000000000427e80       0x48 libbb/lib.a(parse_config.o)
                0x0000000000427e80                config_close
 .text.config_open2
                0x0000000000427ec8       0x40 libbb/lib.a(parse_config.o)
                0x0000000000427ec8                config_open2
 .text.config_open
                0x0000000000427f08       0x10 libbb/lib.a(parse_config.o)
                0x0000000000427f08                config_open
 .text.bb_parse_mode
                0x0000000000427f18      0x2ec libbb/lib.a(parse_mode.o)
                0x0000000000427f18                bb_parse_mode
 .text.bb_perror_msg
                0x0000000000428204       0x64 libbb/lib.a(perror_msg.o)
                0x0000000000428204                bb_perror_msg
 .text.bb_simple_perror_msg
                0x0000000000428268       0x14 libbb/lib.a(perror_msg.o)
                0x0000000000428268                bb_simple_perror_msg
 .text.bb_perror_msg_and_die
                0x000000000042827c       0x5c libbb/lib.a(perror_msg_and_die.o)
                0x000000000042827c                bb_perror_msg_and_die
 .text.bb_simple_perror_msg_and_die
                0x00000000004282d8       0x18 libbb/lib.a(perror_msg_and_die.o)
                0x00000000004282d8                bb_simple_perror_msg_and_die
 .text.bb_perror_nomsg_and_die
                0x00000000004282f0        0xc libbb/lib.a(perror_nomsg_and_die.o)
                0x00000000004282f0                bb_perror_nomsg_and_die
 .text.bb_process_escape_sequence
                0x00000000004282fc       0xe0 libbb/lib.a(process_escape_sequence.o)
                0x00000000004282fc                bb_process_escape_sequence
 .text.fast_strtoul_16
                0x00000000004283dc       0x48 libbb/lib.a(procps.o)
 .text.fast_strtoul_10
                0x0000000000428424       0x3c libbb/lib.a(procps.o)
 .text.skip_fields
                0x0000000000428460       0x28 libbb/lib.a(procps.o)
 .text.read_cmdline
                0x0000000000428488       0xb0 libbb/lib.a(procps.o)
                0x0000000000428488                read_cmdline
 .text.clear_cache
                0x0000000000428538       0x30 libbb/lib.a(procps.o)
 .text.clear_username_cache
                0x0000000000428568       0x28 libbb/lib.a(procps.o)
                0x0000000000428568                clear_username_cache
 .text.read_to_buf
                0x0000000000428590       0x78 libbb/lib.a(procps.o)
 .text.free_procps_scan
                0x0000000000428608       0x34 libbb/lib.a(procps.o)
                0x0000000000428608                free_procps_scan
 .text.procps_scan
                0x000000000042863c      0x5c8 libbb/lib.a(procps.o)
                0x000000000042863c                procps_scan
 .text.get_cached
                0x0000000000428c04       0xb4 libbb/lib.a(procps.o)
 .text.get_cached_groupname
                0x0000000000428cb8       0x1c libbb/lib.a(procps.o)
                0x0000000000428cb8                get_cached_groupname
 .text.get_cached_username
                0x0000000000428cd4       0x1c libbb/lib.a(procps.o)
                0x0000000000428cd4                get_cached_username
 .text.open_zipped
                0x0000000000428cf0        0xc libbb/lib.a(read.o)
                0x0000000000428cf0                open_zipped
 .text.safe_read
                0x0000000000428cfc       0x78 libbb/lib.a(read.o)
                0x0000000000428cfc                safe_read
 .text.full_read
                0x0000000000428d74       0x80 libbb/lib.a(read.o)
                0x0000000000428d74                full_read
 .text.xmalloc_read
                0x0000000000428df4      0x138 libbb/lib.a(read.o)
                0x0000000000428df4                xmalloc_read
 .text.xmalloc_open_zipped_read_close
                0x0000000000428f2c       0x74 libbb/lib.a(read.o)
                0x0000000000428f2c                xmalloc_open_zipped_read_close
 .text.read_close
                0x0000000000428fa0       0x3c libbb/lib.a(read.o)
                0x0000000000428fa0                read_close
 .text.open_read_close
                0x0000000000428fdc       0x4c libbb/lib.a(read.o)
                0x0000000000428fdc                open_read_close
 .text.xread    0x0000000000429028       0x40 libbb/lib.a(read.o)
                0x0000000000429028                xread
 .text.nonblock_safe_read
                0x0000000000429068       0xa8 libbb/lib.a(read.o)
                0x0000000000429068                nonblock_safe_read
 .text.true_action
                0x0000000000429110        0x8 libbb/lib.a(recursive_action.o)
 .text.recursive_action
                0x0000000000429118      0x200 libbb/lib.a(recursive_action.o)
                0x0000000000429118                recursive_action
 .text.remove_file
                0x0000000000429318      0x280 libbb/lib.a(remove_file.o)
                0x0000000000429318                remove_file
 .text.safe_gethostname
                0x0000000000429598       0x38 libbb/lib.a(safe_gethostname.o)
                0x0000000000429598                safe_gethostname
 .text.safe_poll
                0x00000000004295d0       0xa0 libbb/lib.a(safe_poll.o)
                0x00000000004295d0                safe_poll
 .text.overlapping_strcpy
                0x0000000000429670       0x24 libbb/lib.a(safe_strncpy.o)
                0x0000000000429670                overlapping_strcpy
 .text.safe_strncpy
                0x0000000000429694       0x24 libbb/lib.a(safe_strncpy.o)
                0x0000000000429694                safe_strncpy
 .text.record_signo
                0x00000000004296b8        0xc libbb/lib.a(signals.o)
                0x00000000004296b8                record_signo
 .text.bb_signals
                0x00000000004296c4       0x70 libbb/lib.a(signals.o)
                0x00000000004296c4                bb_signals
 .text.sig_unblock
                0x0000000000429734       0x4c libbb/lib.a(signals.o)
                0x0000000000429734                sig_unblock
 .text.kill_myself_with_sig
                0x0000000000429780       0x30 libbb/lib.a(signals.o)
                0x0000000000429780                kill_myself_with_sig
 .text.sigprocmask_allsigs
                0x00000000004297b0       0x40 libbb/lib.a(signals.o)
                0x00000000004297b0                sigprocmask_allsigs
 .text.sigaction_set
                0x00000000004297f0        0xc libbb/lib.a(signals.o)
                0x00000000004297f0                sigaction_set
 .text.bb_simplify_path
                0x00000000004297fc      0x128 libbb/lib.a(simplify_path.o)
                0x00000000004297fc                bb_simplify_path
 .text.skip_non_whitespace
                0x0000000000429924       0x40 libbb/lib.a(skip_whitespace.o)
                0x0000000000429924                skip_non_whitespace
 .text.skip_whitespace
                0x0000000000429964       0x34 libbb/lib.a(skip_whitespace.o)
                0x0000000000429964                skip_whitespace
 .text.strrstr  0x0000000000429998       0x70 libbb/lib.a(strrstr.o)
                0x0000000000429998                strrstr
 .text.monotonic_sec
                0x0000000000429a08        0xc libbb/lib.a(time.o)
                0x0000000000429a08                monotonic_sec
 .text.monotonic_us
                0x0000000000429a14       0x50 libbb/lib.a(time.o)
                0x0000000000429a14                monotonic_us
 .text.print_signames
                0x0000000000429a64       0x54 libbb/lib.a(u_signal_names.o)
                0x0000000000429a64                print_signames
 .text.get_signame
                0x0000000000429ab8       0x38 libbb/lib.a(u_signal_names.o)
                0x0000000000429ab8                get_signame
 .text.get_signum
                0x0000000000429af0       0xa4 libbb/lib.a(u_signal_names.o)
                0x0000000000429af0                get_signum
 .text.bb_verror_msg
                0x0000000000429b94      0x1cc libbb/lib.a(verror_msg.o)
                0x0000000000429b94                bb_verror_msg
 .text.forkexit_or_rexec
                0x0000000000429d60       0x38 libbb/lib.a(vfork_daemon_rexec.o)
                0x0000000000429d60                forkexit_or_rexec
 .text.bb_daemonize_or_rexec
                0x0000000000429d98      0x108 libbb/lib.a(vfork_daemon_rexec.o)
                0x0000000000429d98                bb_daemonize_or_rexec
 .text.bb_sanitize_stdio
                0x0000000000429ea0        0xc libbb/lib.a(vfork_daemon_rexec.o)
                0x0000000000429ea0                bb_sanitize_stdio
 .text.safe_waitpid
                0x0000000000429eac       0x84 libbb/lib.a(vfork_daemon_rexec.o)
                0x0000000000429eac                safe_waitpid
 .text.wait_any_nohang
                0x0000000000429f30       0x14 libbb/lib.a(vfork_daemon_rexec.o)
                0x0000000000429f30                wait_any_nohang
 .text.xfopen_for_read
                0x0000000000429f44       0x10 libbb/lib.a(wfopen.o)
                0x0000000000429f44                xfopen_for_read
 .text.fopen_for_read
                0x0000000000429f54       0x10 libbb/lib.a(wfopen.o)
                0x0000000000429f54                fopen_for_read
 .text.fopen_or_warn
                0x0000000000429f64       0x44 libbb/lib.a(wfopen.o)
                0x0000000000429f64                fopen_or_warn
 .text.open_or_warn_stdin
                0x0000000000429fa8       0x3c libbb/lib.a(wfopen_input.o)
                0x0000000000429fa8                open_or_warn_stdin
 .text.fopen_or_warn_stdin
                0x0000000000429fe4       0x44 libbb/lib.a(wfopen_input.o)
                0x0000000000429fe4                fopen_or_warn_stdin
 .text.xfopen_stdin
                0x000000000042a028       0x28 libbb/lib.a(wfopen_input.o)
                0x000000000042a028                xfopen_stdin
 .text.xstrtoul_range_sfx
                0x000000000042a050      0x164 libbb/lib.a(xatonum.o)
                0x000000000042a050                xstrtoul_range_sfx
 .text.xstrtol_range_sfx
                0x000000000042a1b4       0xc8 libbb/lib.a(xatonum.o)
                0x000000000042a1b4                xstrtol_range_sfx
 .text.xatol_range
                0x000000000042a27c       0x28 libbb/lib.a(xatonum.o)
                0x000000000042a27c                xatol_range
 .text.xatoul_sfx
                0x000000000042a2a4       0x28 libbb/lib.a(xatonum.o)
                0x000000000042a2a4                xatoul_sfx
 .text.xatoul   0x000000000042a2cc        0xc libbb/lib.a(xatonum.o)
                0x000000000042a2cc                xatoul
 .text.xatoul_range
                0x000000000042a2d8       0x28 libbb/lib.a(xatonum.o)
                0x000000000042a2d8                xatoul_range
 .text.xatou16  0x000000000042a300       0x24 libbb/lib.a(xatonum.o)
                0x000000000042a300                xatou16
 .text.xatoi_u  0x000000000042a324       0x14 libbb/lib.a(xatonum.o)
                0x000000000042a324                xatoi_u
 .text.set_nport
                0x000000000042a338       0x18 libbb/lib.a(xconnect.o)
                0x000000000042a338                set_nport
 .text.sockaddr2str
                0x000000000042a350       0x98 libbb/lib.a(xconnect.o)
 .text.xmalloc_sockaddr2dotted_noport
                0x000000000042a3e8        0xc libbb/lib.a(xconnect.o)
                0x000000000042a3e8                xmalloc_sockaddr2dotted_noport
 .text.str2sockaddr
                0x000000000042a3f4      0x1a8 libbb/lib.a(xconnect.o)
 .text.xdotted2sockaddr
                0x000000000042a59c        0xc libbb/lib.a(xconnect.o)
                0x000000000042a59c                xdotted2sockaddr
 .text.xhost2sockaddr
                0x000000000042a5a8        0xc libbb/lib.a(xconnect.o)
                0x000000000042a5a8                xhost2sockaddr
 .text.host2sockaddr
                0x000000000042a5b4        0xc libbb/lib.a(xconnect.o)
                0x000000000042a5b4                host2sockaddr
 .text.setsockopt_broadcast
                0x000000000042a5c0       0x30 libbb/lib.a(xconnect.o)
                0x000000000042a5c0                setsockopt_broadcast
 .text.setsockopt_bindtodevice
                0x000000000042a5f0       0x78 libbb/lib.a(xconnect.o)
                0x000000000042a5f0                setsockopt_bindtodevice
 .text.smart_ulltoa5
                0x000000000042a668      0x280 libbb/lib.a(xfuncs.o)
                0x000000000042a668                smart_ulltoa5
 .text.utoa_to_buf
                0x000000000042a8e8       0x80 libbb/lib.a(xfuncs.o)
                0x000000000042a8e8                utoa_to_buf
 .text.itoa_to_buf
                0x000000000042a968       0x28 libbb/lib.a(xfuncs.o)
                0x000000000042a968                itoa_to_buf
 .text.utoa     0x000000000042a990       0x34 libbb/lib.a(xfuncs.o)
                0x000000000042a990                utoa
 .text.itoa     0x000000000042a9c4       0x34 libbb/lib.a(xfuncs.o)
                0x000000000042a9c4                itoa
 .text.tcsetattr_stdin_TCSANOW
                0x000000000042a9f8       0x14 libbb/lib.a(xfuncs.o)
                0x000000000042a9f8                tcsetattr_stdin_TCSANOW
 .text.get_terminal_width_height
                0x000000000042aa0c      0x104 libbb/lib.a(xfuncs.o)
                0x000000000042aa0c                get_terminal_width_height
 .text.close_on_exec_on
                0x000000000042ab10       0x10 libbb/lib.a(xfuncs.o)
                0x000000000042ab10                close_on_exec_on
 .text.bb_xioctl
                0x000000000042ab20       0x2c libbb/lib.a(xfuncs_printf.o)
                0x000000000042ab20                bb_xioctl
 .text.bb_ioctl_or_warn
                0x000000000042ab4c       0x34 libbb/lib.a(xfuncs_printf.o)
                0x000000000042ab4c                bb_ioctl_or_warn
 .text.ioctl_or_perror_and_die
                0x000000000042ab80       0x5c libbb/lib.a(xfuncs_printf.o)
                0x000000000042ab80                ioctl_or_perror_and_die
 .text.xstat    0x000000000042abdc       0x38 libbb/lib.a(xfuncs_printf.o)
                0x000000000042abdc                xstat
 .text.xsendto  0x000000000042ac14       0x38 libbb/lib.a(xfuncs_printf.o)
                0x000000000042ac14                xsendto
 .text.xbind    0x000000000042ac4c       0x2c libbb/lib.a(xfuncs_printf.o)
                0x000000000042ac4c                xbind
 .text.xsocket  0x000000000042ac78       0x2c libbb/lib.a(xfuncs_printf.o)
                0x000000000042ac78                xsocket
 .text.xopendir
                0x000000000042aca4       0x30 libbb/lib.a(xfuncs_printf.o)
                0x000000000042aca4                xopendir
 .text.warn_opendir
                0x000000000042acd4       0x38 libbb/lib.a(xfuncs_printf.o)
                0x000000000042acd4                warn_opendir
 .text.xchdir   0x000000000042ad0c       0x30 libbb/lib.a(xfuncs_printf.o)
                0x000000000042ad0c                xchdir
 .text.xsetuid  0x000000000042ad3c       0x2c libbb/lib.a(xfuncs_printf.o)
                0x000000000042ad3c                xsetuid
 .text.xsetenv  0x000000000042ad68       0x2c libbb/lib.a(xfuncs_printf.o)
                0x000000000042ad68                xsetenv
 .text.xasprintf
                0x000000000042ad94       0x4c libbb/lib.a(xfuncs_printf.o)
                0x000000000042ad94                xasprintf
 .text.bb_putchar
                0x000000000042ade0       0x48 libbb/lib.a(xfuncs_printf.o)
                0x000000000042ade0                bb_putchar
 .text.die_if_ferror
                0x000000000042ae28       0x30 libbb/lib.a(xfuncs_printf.o)
                0x000000000042ae28                die_if_ferror
 .text.die_if_ferror_stdout
                0x000000000042ae58       0x18 libbb/lib.a(xfuncs_printf.o)
                0x000000000042ae58                die_if_ferror_stdout
 .text.xlseek   0x000000000042ae70       0x58 libbb/lib.a(xfuncs_printf.o)
                0x000000000042ae70                xlseek
 .text.xwrite   0x000000000042aec8       0x40 libbb/lib.a(xfuncs_printf.o)
                0x000000000042aec8                xwrite
 .text.xdup2    0x000000000042af08       0x34 libbb/lib.a(xfuncs_printf.o)
                0x000000000042af08                xdup2
 .text.xmove_fd
                0x000000000042af3c       0x40 libbb/lib.a(xfuncs_printf.o)
                0x000000000042af3c                xmove_fd
 .text.xunlink  0x000000000042af7c       0x30 libbb/lib.a(xfuncs_printf.o)
                0x000000000042af7c                xunlink
 .text.open3_or_warn
                0x000000000042afac       0x40 libbb/lib.a(xfuncs_printf.o)
                0x000000000042afac                open3_or_warn
 .text.open_or_warn
                0x000000000042afec        0xc libbb/lib.a(xfuncs_printf.o)
                0x000000000042afec                open_or_warn
 .text.xopen3   0x000000000042aff8       0x38 libbb/lib.a(xfuncs_printf.o)
                0x000000000042aff8                xopen3
 .text.xopen    0x000000000042b030        0xc libbb/lib.a(xfuncs_printf.o)
                0x000000000042b030                xopen
 .text.xfopen   0x000000000042b03c       0x38 libbb/lib.a(xfuncs_printf.o)
                0x000000000042b03c                xfopen
 .text.xstrdup  0x000000000042b074       0x38 libbb/lib.a(xfuncs_printf.o)
                0x000000000042b074                xstrdup
 .text.xrealloc
                0x000000000042b0ac       0x3c libbb/lib.a(xfuncs_printf.o)
                0x000000000042b0ac                xrealloc
 .text.xmalloc  0x000000000042b0e8       0x3c libbb/lib.a(xfuncs_printf.o)
                0x000000000042b0e8                xmalloc
 .text.xstrndup
                0x000000000042b124       0x64 libbb/lib.a(xfuncs_printf.o)
                0x000000000042b124                xstrndup
 .text.xzalloc  0x000000000042b188       0x3c libbb/lib.a(xfuncs_printf.o)
                0x000000000042b188                xzalloc
 .text.malloc_or_warn
                0x000000000042b1c4       0x44 libbb/lib.a(xfuncs_printf.o)
                0x000000000042b1c4                malloc_or_warn
 .text.xrealloc_getcwd_or_warn
                0x000000000042b208       0xc0 libbb/lib.a(xgetcwd.o)
                0x000000000042b208                xrealloc_getcwd_or_warn
 .text.xgethostbyname
                0x000000000042b2c8       0x30 libbb/lib.a(xgethostbyname.o)
                0x000000000042b2c8                xgethostbyname
 .text.xmalloc_readlink
                0x000000000042b2f8       0x94 libbb/lib.a(xreadlink.o)
                0x000000000042b2f8                xmalloc_readlink
 .text.xmalloc_readlink_or_warn
                0x000000000042b38c       0x38 libbb/lib.a(xreadlink.o)